15:39:38 **** Incremental Build of configuration Debug for project LCD ****
make -j12 all 
arm-none-eabi-gcc "../Core/Src/main.c" -mcpu=cortex-m3 -std=gnu11 -g3 -DDEBUG -DUSE_HAL_DRIVER -DSTM32L100xC -c -I../Core/Inc -I../Drivers/STM32L1xx_HAL_Driver/Inc -I../Drivers/STM32L1xx_HAL_Driver/Inc/Legacy -I../Drivers/CMSIS/Device/ST/STM32L1xx/Include -I../Drivers/CMSIS/Include -O0 -ffunction-sections -fdata-sections -Wall -fstack-usage -MMD -MP -MF"Core/Src/main.d" -MT"Core/Src/main.o" --specs=nano.specs -mfloat-abi=soft -mthumb -o "Core/Src/main.o"
arm-none-eabi-gcc "../Core/Src/tft.c" -mcpu=cortex-m3 -std=gnu11 -g3 -DDEBUG -DUSE_HAL_DRIVER -DSTM32L100xC -c -I../Core/Inc -I../Drivers/STM32L1xx_HAL_Driver/Inc -I../Drivers/STM32L1xx_HAL_Driver/Inc/Legacy -I../Drivers/CMSIS/Device/ST/STM32L1xx/Include -I../Drivers/CMSIS/Include -O0 -ffunction-sections -fdata-sections -Wall -fstack-usage -MMD -MP -MF"Core/Src/tft.d" -MT"Core/Src/tft.o" --specs=nano.specs -mfloat-abi=soft -mthumb -o "Core/Src/tft.o"
../Core/Src/tft.c: In function 'readReg':
../Core/Src/tft.c:411:13: warning: unused variable 'lo' [-Wunused-variable]
  411 |     uint8_t lo;
      |             ^~
../Core/Src/tft.c: In function 'tft_init':
../Core/Src/tft.c:2196:30: warning: unused variable 'ILI9481_RGB_regValues' [-Wunused-variable]
 2196 |         static const uint8_t ILI9481_RGB_regValues[]  = {    // 320x480
      |                              ^~~~~~~~~~~~~~~~~~~~~
../Core/Src/tft.c:2182:30: warning: unused variable 'ILI9481_CMO35_regValues' [-Wunused-variable]
 2182 |         static const uint8_t ILI9481_CMO35_regValues[]  = {    // 320480
      |                              ^~~~~~~~~~~~~~~~~~~~~~~
../Core/Src/tft.c:2171:30: warning: unused variable 'ILI9481_AUO317_regValues' [-Wunused-variable]
 2171 |         static const uint8_t ILI9481_AUO317_regValues[]  = {    // 320x480
      |                              ^~~~~~~~~~~~~~~~~~~~~~~~
../Core/Src/tft.c:2159:30: warning: unused variable 'ILI9481_PVI35_regValues' [-Wunused-variable]
 2159 |         static const uint8_t ILI9481_PVI35_regValues[]  = {    // 320x480
      |                              ^~~~~~~~~~~~~~~~~~~~~~~
../Core/Src/tft.c:2147:30: warning: unused variable 'ILI9481_CPT29_regValues' [-Wunused-variable]
 2147 |         static const uint8_t ILI9481_CPT29_regValues[]  = {    // 320x430
      |                              ^~~~~~~~~~~~~~~~~~~~~~~
../Core/Src/tft.c:2066:30: warning: unused variable 'ILI9341_regValues_ada' [-Wunused-variable]
 2066 |         static const uint8_t ILI9341_regValues_ada[]  = {        // Adafruit_TFTLCD only works with EXTC=0
      |                              ^~~~~~~~~~~~~~~~~~~~~
../Core/Src/tft.c:1152:30: warning: unused variable 'ST7789_regValues_arcain6' [-Wunused-variable]
 1152 |         static const uint8_t ST7789_regValues_arcain6[]  = {
      |                              ^~~~~~~~~~~~~~~~~~~~~~~~
../Core/Src/tft.c:444:6: warning: variable 'dummy' set but not used [-Wunused-but-set-variable]
  444 |  int dummy=0;
      |      ^~~~~
../Core/Src/tft.c: In function 'readID':
../Core/Src/tft.c:2562:5: warning: this 'if' clause does not guard... [-Wmisleading-indentation]
 2562 |     if (ret == 0x1526)          //R61526 [xx 06 15 26] if I have written NVM
      |     ^~
../Core/Src/tft.c:2564:2: note: ...this statement, but the latter is misleadingly indented as if it were guarded by the 'if'
 2564 |  if (ret == 0x89F0)          //ST7735S: [xx 7C 89 F0]
      |  ^~
../Core/Src/tft.c:2498:19: warning: unused variable 'ret2' [-Wunused-variable]
 2498 |     uint16_t ret, ret2;
      |                   ^~~~
../Core/Src/tft.c: In function 'readGRAM':
../Core/Src/tft.c:2597:22: warning: unused variable 'tmp' [-Wunused-variable]
 2597 |     uint8_t r, g, b, tmp;
      |                      ^~~
../Core/Src/tft.c: In function 'setRotation':
../Core/Src/tft.c:2781:10: warning: label 'common_ORG' defined but not used [-Wunused-label]
 2781 |          common_ORG:
      |          ^~~~~~~~~~
../Core/Src/tft.c:2661:28: warning: unused variable 'REV' [-Wunused-variable]
 2661 |    uint16_t GS, SS_v, ORG, REV = _lcd_rev;
      |                            ^~~
../Core/Src/tft.c: In function 'vertScroll':
../Core/Src/tft.c:2889:13: warning: variable 'sea' set but not used [-Wunused-but-set-variable]
 2889 |     int16_t sea = top;
      |             ^~~
../Core/Src/tft.c: In function 'drawChar':
../Core/Src/tft.c:212:33: warning: cast to pointer from integer of different size [-Wint-to-pointer-cast]
  212 | #define pgm_read_pointer(addr) ((void *)pgm_read_word(addr))
      |                                 ^
../Core/Src/tft.c:3614:43: note: in expansion of macro 'pgm_read_pointer'
 3614 |         GFXglyph *glyph  = &(((GFXglyph *)pgm_read_pointer(&gfxFont->glyph))[c]);
      |                                           ^~~~~~~~~~~~~~~~
../Core/Src/tft.c:212:33: warning: cast to pointer from integer of different size [-Wint-to-pointer-cast]
  212 | #define pgm_read_pointer(addr) ((void *)pgm_read_word(addr))
      |                                 ^
../Core/Src/tft.c:3615:39: note: in expansion of macro 'pgm_read_pointer'
 3615 |         uint8_t  *bitmap = (uint8_t *)pgm_read_pointer(&gfxFont->bitmap);
      |                                       ^~~~~~~~~~~~~~~~
../Core/Src/tft.c: In function 'write':
../Core/Src/tft.c:212:33: warning: cast to pointer from integer of different size [-Wint-to-pointer-cast]
  212 | #define pgm_read_pointer(addr) ((void *)pgm_read_word(addr))
      |                                 ^
../Core/Src/tft.c:3666:50: note: in expansion of macro 'pgm_read_pointer'
 3666 |                 GFXglyph *glyph = &(((GFXglyph *)pgm_read_pointer(
      |                                                  ^~~~~~~~~~~~~~~~
../Core/Src/tft.c: In function 'charBounds':
../Core/Src/tft.c:212:33: warning: cast to pointer from integer of different size [-Wint-to-pointer-cast]
  212 | #define pgm_read_pointer(addr) ((void *)pgm_read_word(addr))
      |                                 ^
../Core/Src/tft.c:3735:50: note: in expansion of macro 'pgm_read_pointer'
 3735 |                 GFXglyph *glyph = &(((GFXglyph *)pgm_read_pointer(
      |                                                  ^~~~~~~~~~~~~~~~
At top level:
../Core/Src/tft.c:1152:30: warning: 'ST7789_regValues_arcain6' defined but not used [-Wunused-const-variable=]
 1152 |         static const uint8_t ST7789_regValues_arcain6[]  = {
      |                              ^~~~~~~~~~~~~~~~~~~~~~~~
../Core/Src/tft.c:2066:30: warning: 'ILI9341_regValues_ada' defined but not used [-Wunused-const-variable=]
 2066 |         static const uint8_t ILI9341_regValues_ada[]  = {        // Adafruit_TFTLCD only works with EXTC=0
      |                              ^~~~~~~~~~~~~~~~~~~~~
../Core/Src/tft.c:2147:30: warning: 'ILI9481_CPT29_regValues' defined but not used [-Wunused-const-variable=]
 2147 |         static const uint8_t ILI9481_CPT29_regValues[]  = {    // 320x430
      |                              ^~~~~~~~~~~~~~~~~~~~~~~
../Core/Src/tft.c:2159:30: warning: 'ILI9481_PVI35_regValues' defined but not used [-Wunused-const-variable=]
 2159 |         static const uint8_t ILI9481_PVI35_regValues[]  = {    // 320x480
      |                              ^~~~~~~~~~~~~~~~~~~~~~~
../Core/Src/tft.c:2171:30: warning: 'ILI9481_AUO317_regValues' defined but not used [-Wunused-const-variable=]
 2171 |         static const uint8_t ILI9481_AUO317_regValues[]  = {    // 320x480
      |                              ^~~~~~~~~~~~~~~~~~~~~~~~
../Core/Src/tft.c:2182:30: warning: 'ILI9481_CMO35_regValues' defined but not used [-Wunused-const-variable=]
 2182 |         static const uint8_t ILI9481_CMO35_regValues[]  = {    // 320480
      |                              ^~~~~~~~~~~~~~~~~~~~~~~
../Core/Src/tft.c:2196:30: warning: 'ILI9481_RGB_regValues' defined but not used [-Wunused-const-variable=]
 2196 |         static const uint8_t ILI9481_RGB_regValues[]  = {    // 320x480
      |                              ^~~~~~~~~~~~~~~~~~~~~
arm-none-eabi-gcc -o "LCD.elf" @"objects.list"   -mcpu=cortex-m3 -T"D:\WORK\STM32\WORKSPACE\LCD\STM32L100RCTX_FLASH.ld" --specs=nosys.specs -Wl,-Map="LCD.map" -Wl,--gc-sections -static --specs=nano.specs -mfloat-abi=soft -mthumb -Wl,--start-group -lc -lm -Wl,--end-group
c:\program files (x86)\stm32cubeide_1.9.0\stm32cubeide\plugins\com.st.stm32cube.ide.mcu.externaltools.gnu-tools-for-stm32.10.3-2021.10.win32_1.0.0.202111181127\tools\arm-none-eabi\bin\ld.exe: ./Core/Src/tft.o: in function `delay':
D:/WORK/STM32/WORKSPACE/LCD/Debug/../Core/Inc/user_setting.h:49: multiple definition of `delay'; ./Core/Src/main.o:D:/WORK/STM32/WORKSPACE/LCD/Debug/../Core/Inc/user_setting.h:49: first defined here
collect2.exe: error: ld returned 1 exit status
make: *** [makefile:64: LCD.elf] Error 1
"make -j12 all" terminated with exit code 2. Build might be incomplete.
15:48:27 **** Incremental Build of configuration Debug for project TUTORIAL_TFT_F103 ****
make -j12 all 
arm-none-eabi-gcc "../Src/main.c" -mcpu=cortex-m3 -std=gnu11 -g3 -DUSE_HAL_DRIVER -DSTM32F103xB -DDEBUG -c -I../Inc -I../Drivers/CMSIS/Device/ST/STM32F1xx/Include -I../Drivers/CMSIS/Include -I../Drivers/STM32F1xx_HAL_Driver/Inc/Legacy -I../Drivers/STM32F1xx_HAL_Driver/Inc -O0 -ffunction-sections -fdata-sections -Wall -fstack-usage -MMD -MP -MF"Src/main.d" -MT"Src/main.o" --specs=nano.specs -mfloat-abi=soft -mthumb -o "Src/main.o"
arm-none-eabi-gcc "../Src/stm32f1xx_hal_msp.c" -mcpu=cortex-m3 -std=gnu11 -g3 -DUSE_HAL_DRIVER -DSTM32F103xB -DDEBUG -c -I../Inc -I../Drivers/CMSIS/Device/ST/STM32F1xx/Include -I../Drivers/CMSIS/Include -I../Drivers/STM32F1xx_HAL_Driver/Inc/Legacy -I../Drivers/STM32F1xx_HAL_Driver/Inc -O0 -ffunction-sections -fdata-sections -Wall -fstack-usage -MMD -MP -MF"Src/stm32f1xx_hal_msp.d" -MT"Src/stm32f1xx_hal_msp.o" --specs=nano.specs -mfloat-abi=soft -mthumb -o "Src/stm32f1xx_hal_msp.o"
arm-none-eabi-gcc "../Src/stm32f1xx_it.c" -mcpu=cortex-m3 -std=gnu11 -g3 -DUSE_HAL_DRIVER -DSTM32F103xB -DDEBUG -c -I../Inc -I../Drivers/CMSIS/Device/ST/STM32F1xx/Include -I../Drivers/CMSIS/Include -I../Drivers/STM32F1xx_HAL_Driver/Inc/Legacy -I../Drivers/STM32F1xx_HAL_Driver/Inc -O0 -ffunction-sections -fdata-sections -Wall -fstack-usage -MMD -MP -MF"Src/stm32f1xx_it.d" -MT"Src/stm32f1xx_it.o" --specs=nano.specs -mfloat-abi=soft -mthumb -o "Src/stm32f1xx_it.o"
arm-none-eabi-gcc "../Src/system_stm32f1xx.c" -mcpu=cortex-m3 -std=gnu11 -g3 -DUSE_HAL_DRIVER -DSTM32F103xB -DDEBUG -c -I../Inc -I../Drivers/CMSIS/Device/ST/STM32F1xx/Include -I../Drivers/CMSIS/Include -I../Drivers/STM32F1xx_HAL_Driver/Inc/Legacy -I../Drivers/STM32F1xx_HAL_Driver/Inc -O0 -ffunction-sections -fdata-sections -Wall -fstack-usage -MMD -MP -MF"Src/system_stm32f1xx.d" -MT"Src/system_stm32f1xx.o" --specs=nano.specs -mfloat-abi=soft -mthumb -o "Src/system_stm32f1xx.o"
arm-none-eabi-gcc "../Src/tft.c" -mcpu=cortex-m3 -std=gnu11 -g3 -DUSE_HAL_DRIVER -DSTM32F103xB -DDEBUG -c -I../Inc -I../Drivers/CMSIS/Device/ST/STM32F1xx/Include -I../Drivers/CMSIS/Include -I../Drivers/STM32F1xx_HAL_Driver/Inc/Legacy -I../Drivers/STM32F1xx_HAL_Driver/Inc -O0 -ffunction-sections -fdata-sections -Wall -fstack-usage -MMD -MP -MF"Src/tft.d" -MT"Src/tft.o" --specs=nano.specs -mfloat-abi=soft -mthumb -o "Src/tft.o"
In file included from ../Src/main.c:22:
../Inc/main.h:31:10: fatal error: stm32f1xx_hal.h: No such file or directory
   31 | #include "stm32f1xx_hal.h"
      |          ^~~~~~~~~~~~~~~~~
In file included from ../Src/stm32f1xx_it.c:22:
../Inc/main.h:31:10: fatal error: stm32f1xx_hal.h: No such file or directory
   31 | #include "stm32f1xx_hal.h"
      |          ^~~~~~~~~~~~~~~~~
In file included from ../Src/stm32f1xx_hal_msp.c:23:
../Inc/main.h:31:10: fatal error: stm32f1xx_hal.h: No such file or directory
   31 | #include "stm32f1xx_hal.h"
      |          ^~~~~~~~~~~~~~~~~
compilation terminated.
compilation terminated.
compilation terminated.
../Src/system_stm32f1xx.c:59:10: fatal error: stm32l1xx.h: No such file or directory
   59 | #include "stm32l1xx.h"
      |          ^~~~~~~~~~~~~
compilation terminated.
make: *** [Src/subdir.mk:40: Src/stm32f1xx_hal_msp.o] Error 1
make: *** Waiting for unfinished jobs....
make: *** [Src/subdir.mk:40: Src/main.o] Error 1
make: *** [Src/subdir.mk:40: Src/stm32f1xx_it.o] Error 1
make: *** [Src/subdir.mk:40: Src/system_stm32f1xx.o] Error 1
../Src/tft.c:40:10: fatal error: stm32f1xx_hal.h: No such file or directory
   40 | #include "stm32f1xx_hal.h"
      |          ^~~~~~~~~~~~~~~~~
compilation terminated.
make: *** [Src/subdir.mk:40: Src/tft.o] Error 1
"make -j12 all" terminated with exit code 2. Build might be incomplete.
15:48:45 **** Incremental Build of configuration Debug for project LCD ****
make -j12 all 
arm-none-eabi-gcc -o "LCD.elf" @"objects.list"   -mcpu=cortex-m3 -T"D:\WORK\STM32\WORKSPACE\LCD\STM32L100RCTX_FLASH.ld" --specs=nosys.specs -Wl,-Map="LCD.map" -Wl,--gc-sections -static --specs=nano.specs -mfloat-abi=soft -mthumb -Wl,--start-group -lc -lm -Wl,--end-group
c:\program files (x86)\stm32cubeide_1.9.0\stm32cubeide\plugins\com.st.stm32cube.ide.mcu.externaltools.gnu-tools-for-stm32.10.3-2021.10.win32_1.0.0.202111181127\tools\arm-none-eabi\bin\ld.exe: ./Core/Src/tft.o: in function `delay':
D:/WORK/STM32/WORKSPACE/LCD/Debug/../Core/Inc/user_setting.h:49: multiple definition of `delay'; ./Core/Src/main.o:D:/WORK/STM32/WORKSPACE/LCD/Debug/../Core/Inc/user_setting.h:49: first defined here
collect2.exe: error: ld returned 1 exit status
make: *** [makefile:64: LCD.elf] Error 1
"make -j12 all" terminated with exit code 2. Build might be incomplete.
15:49:09 **** Incremental Build of configuration Debug for project LCD ****
make -j12 all 
arm-none-eabi-gcc -o "LCD.elf" @"objects.list"   -mcpu=cortex-m3 -T"D:\WORK\STM32\WORKSPACE\LCD\STM32L100RCTX_FLASH.ld" --specs=nosys.specs -Wl,-Map="LCD.map" -Wl,--gc-sections -static --specs=nano.specs -mfloat-abi=soft -mthumb -Wl,--start-group -lc -lm -Wl,--end-group
c:\program files (x86)\stm32cubeide_1.9.0\stm32cubeide\plugins\com.st.stm32cube.ide.mcu.externaltools.gnu-tools-for-stm32.10.3-2021.10.win32_1.0.0.202111181127\tools\arm-none-eabi\bin\ld.exe: ./Core/Src/tft.o: in function `delay':
D:/WORK/STM32/WORKSPACE/LCD/Debug/../Core/Inc/user_setting.h:49: multiple definition of `delay'; ./Core/Src/main.o:D:/WORK/STM32/WORKSPACE/LCD/Debug/../Core/Inc/user_setting.h:49: first defined here
collect2.exe: error: ld returned 1 exit status
make: *** [makefile:64: LCD.elf] Error 1
"make -j12 all" terminated with exit code 2. Build might be incomplete.
15:49:36 **** Incremental Build of configuration Debug for project LCD ****
make -j12 all 
arm-none-eabi-gcc "../Core/Src/main.c" -mcpu=cortex-m3 -std=gnu11 -g3 -DDEBUG -DUSE_HAL_DRIVER -DSTM32L100xC -c -I../Core/Inc -I../Drivers/STM32L1xx_HAL_Driver/Inc -I../Drivers/STM32L1xx_HAL_Driver/Inc/Legacy -I../Drivers/CMSIS/Device/ST/STM32L1xx/Include -I../Drivers/CMSIS/Include -O0 -ffunction-sections -fdata-sections -Wall -fstack-usage -MMD -MP -MF"Core/Src/main.d" -MT"Core/Src/main.o" --specs=nano.specs -mfloat-abi=soft -mthumb -o "Core/Src/main.o"
arm-none-eabi-gcc "../Core/Src/tft.c" -mcpu=cortex-m3 -std=gnu11 -g3 -DDEBUG -DUSE_HAL_DRIVER -DSTM32L100xC -c -I../Core/Inc -I../Drivers/STM32L1xx_HAL_Driver/Inc -I../Drivers/STM32L1xx_HAL_Driver/Inc/Legacy -I../Drivers/CMSIS/Device/ST/STM32L1xx/Include -I../Drivers/CMSIS/Include -O0 -ffunction-sections -fdata-sections -Wall -fstack-usage -MMD -MP -MF"Core/Src/tft.d" -MT"Core/Src/tft.o" --specs=nano.specs -mfloat-abi=soft -mthumb -o "Core/Src/tft.o"
../Core/Src/main.c: In function 'main':
../Core/Src/main.c:99:5: error: 'ID' undeclared (first use in this function)
   99 |     ID = readID();
      |     ^~
../Core/Src/main.c:99:5: note: each undeclared identifier is reported only once for each function it appears in
../Core/Src/main.c:118:48: warning: pointer targets in passing argument 5 of 'printnewtstr' differ in signedness [-Wpointer-sign]
  118 |       printnewtstr(100, RED, &mono12x7bold, 1, "HELLO WORLD");
      |                                                ^~~~~~~~~~~~~
      |                                                |
      |                                                char *
In file included from ../Core/Src/main.c:25:
../Core/Inc/tft.h:98:92: note: expected 'uint8_t *' {aka 'unsigned char *'} but argument is of type 'char *'
   98 | void printnewtstr (int row, uint16_t txtcolor, const GFXfont *f, uint8_t txtsize, uint8_t *str);
      |                                                                                   ~~~~~~~~~^~~
make: *** [Core/Src/subdir.mk:40: Core/Src/main.o] Error 1
make: *** Waiting for unfinished jobs....
../Core/Src/tft.c: In function 'init_table':
../Core/Src/tft.c:351:13: warning: implicit declaration of function 'delay' [-Wimplicit-function-declaration]
  351 |             delay(len);
      |             ^~~~~
../Core/Src/tft.c: In function 'readReg':
../Core/Src/tft.c:411:13: warning: unused variable 'lo' [-Wunused-variable]
  411 |     uint8_t lo;
      |             ^~
../Core/Src/tft.c: In function 'tft_init':
../Core/Src/tft.c:2196:30: warning: unused variable 'ILI9481_RGB_regValues' [-Wunused-variable]
 2196 |         static const uint8_t ILI9481_RGB_regValues[]  = {    // 320x480
      |                              ^~~~~~~~~~~~~~~~~~~~~
../Core/Src/tft.c:2182:30: warning: unused variable 'ILI9481_CMO35_regValues' [-Wunused-variable]
 2182 |         static const uint8_t ILI9481_CMO35_regValues[]  = {    // 320480
      |                              ^~~~~~~~~~~~~~~~~~~~~~~
../Core/Src/tft.c:2171:30: warning: unused variable 'ILI9481_AUO317_regValues' [-Wunused-variable]
 2171 |         static const uint8_t ILI9481_AUO317_regValues[]  = {    // 320x480
      |                              ^~~~~~~~~~~~~~~~~~~~~~~~
../Core/Src/tft.c:2159:30: warning: unused variable 'ILI9481_PVI35_regValues' [-Wunused-variable]
 2159 |         static const uint8_t ILI9481_PVI35_regValues[]  = {    // 320x480
      |                              ^~~~~~~~~~~~~~~~~~~~~~~
../Core/Src/tft.c:2147:30: warning: unused variable 'ILI9481_CPT29_regValues' [-Wunused-variable]
 2147 |         static const uint8_t ILI9481_CPT29_regValues[]  = {    // 320x430
      |                              ^~~~~~~~~~~~~~~~~~~~~~~
../Core/Src/tft.c:2066:30: warning: unused variable 'ILI9341_regValues_ada' [-Wunused-variable]
 2066 |         static const uint8_t ILI9341_regValues_ada[]  = {        // Adafruit_TFTLCD only works with EXTC=0
      |                              ^~~~~~~~~~~~~~~~~~~~~
../Core/Src/tft.c:1152:30: warning: unused variable 'ST7789_regValues_arcain6' [-Wunused-variable]
 1152 |         static const uint8_t ST7789_regValues_arcain6[]  = {
      |                              ^~~~~~~~~~~~~~~~~~~~~~~~
../Core/Src/tft.c:444:6: warning: variable 'dummy' set but not used [-Wunused-but-set-variable]
  444 |  int dummy=0;
      |      ^~~~~
../Core/Src/tft.c: In function 'readID':
../Core/Src/tft.c:2562:5: warning: this 'if' clause does not guard... [-Wmisleading-indentation]
 2562 |     if (ret == 0x1526)          //R61526 [xx 06 15 26] if I have written NVM
      |     ^~
../Core/Src/tft.c:2564:2: note: ...this statement, but the latter is misleadingly indented as if it were guarded by the 'if'
 2564 |  if (ret == 0x89F0)          //ST7735S: [xx 7C 89 F0]
      |  ^~
../Core/Src/tft.c:2498:19: warning: unused variable 'ret2' [-Wunused-variable]
 2498 |     uint16_t ret, ret2;
      |                   ^~~~
../Core/Src/tft.c: In function 'readGRAM':
../Core/Src/tft.c:2597:22: warning: unused variable 'tmp' [-Wunused-variable]
 2597 |     uint8_t r, g, b, tmp;
      |                      ^~~
../Core/Src/tft.c: In function 'setRotation':
../Core/Src/tft.c:2781:10: warning: label 'common_ORG' defined but not used [-Wunused-label]
 2781 |          common_ORG:
      |          ^~~~~~~~~~
../Core/Src/tft.c:2661:28: warning: unused variable 'REV' [-Wunused-variable]
 2661 |    uint16_t GS, SS_v, ORG, REV = _lcd_rev;
      |                            ^~~
../Core/Src/tft.c: In function 'vertScroll':
../Core/Src/tft.c:2889:13: warning: variable 'sea' set but not used [-Wunused-but-set-variable]
 2889 |     int16_t sea = top;
      |             ^~~
../Core/Src/tft.c: In function 'drawChar':
../Core/Src/tft.c:212:33: warning: cast to pointer from integer of different size [-Wint-to-pointer-cast]
  212 | #define pgm_read_pointer(addr) ((void *)pgm_read_word(addr))
      |                                 ^
../Core/Src/tft.c:3614:43: note: in expansion of macro 'pgm_read_pointer'
 3614 |         GFXglyph *glyph  = &(((GFXglyph *)pgm_read_pointer(&gfxFont->glyph))[c]);
      |                                           ^~~~~~~~~~~~~~~~
../Core/Src/tft.c:212:33: warning: cast to pointer from integer of different size [-Wint-to-pointer-cast]
  212 | #define pgm_read_pointer(addr) ((void *)pgm_read_word(addr))
      |                                 ^
../Core/Src/tft.c:3615:39: note: in expansion of macro 'pgm_read_pointer'
 3615 |         uint8_t  *bitmap = (uint8_t *)pgm_read_pointer(&gfxFont->bitmap);
      |                                       ^~~~~~~~~~~~~~~~
../Core/Src/tft.c: In function 'write':
../Core/Src/tft.c:212:33: warning: cast to pointer from integer of different size [-Wint-to-pointer-cast]
  212 | #define pgm_read_pointer(addr) ((void *)pgm_read_word(addr))
      |                                 ^
../Core/Src/tft.c:3666:50: note: in expansion of macro 'pgm_read_pointer'
 3666 |                 GFXglyph *glyph = &(((GFXglyph *)pgm_read_pointer(
      |                                                  ^~~~~~~~~~~~~~~~
../Core/Src/tft.c: In function 'charBounds':
../Core/Src/tft.c:212:33: warning: cast to pointer from integer of different size [-Wint-to-pointer-cast]
  212 | #define pgm_read_pointer(addr) ((void *)pgm_read_word(addr))
      |                                 ^
../Core/Src/tft.c:3735:50: note: in expansion of macro 'pgm_read_pointer'
 3735 |                 GFXglyph *glyph = &(((GFXglyph *)pgm_read_pointer(
      |                                                  ^~~~~~~~~~~~~~~~
At top level:
../Core/Src/tft.c:1152:30: warning: 'ST7789_regValues_arcain6' defined but not used [-Wunused-const-variable=]
 1152 |         static const uint8_t ST7789_regValues_arcain6[]  = {
      |                              ^~~~~~~~~~~~~~~~~~~~~~~~
../Core/Src/tft.c:2066:30: warning: 'ILI9341_regValues_ada' defined but not used [-Wunused-const-variable=]
 2066 |         static const uint8_t ILI9341_regValues_ada[]  = {        // Adafruit_TFTLCD only works with EXTC=0
      |                              ^~~~~~~~~~~~~~~~~~~~~
../Core/Src/tft.c:2147:30: warning: 'ILI9481_CPT29_regValues' defined but not used [-Wunused-const-variable=]
 2147 |         static const uint8_t ILI9481_CPT29_regValues[]  = {    // 320x430
      |                              ^~~~~~~~~~~~~~~~~~~~~~~
../Core/Src/tft.c:2159:30: warning: 'ILI9481_PVI35_regValues' defined but not used [-Wunused-const-variable=]
 2159 |         static const uint8_t ILI9481_PVI35_regValues[]  = {    // 320x480
      |                              ^~~~~~~~~~~~~~~~~~~~~~~
../Core/Src/tft.c:2171:30: warning: 'ILI9481_AUO317_regValues' defined but not used [-Wunused-const-variable=]
 2171 |         static const uint8_t ILI9481_AUO317_regValues[]  = {    // 320x480
      |                              ^~~~~~~~~~~~~~~~~~~~~~~~
../Core/Src/tft.c:2182:30: warning: 'ILI9481_CMO35_regValues' defined but not used [-Wunused-const-variable=]
 2182 |         static const uint8_t ILI9481_CMO35_regValues[]  = {    // 320480
      |                              ^~~~~~~~~~~~~~~~~~~~~~~
../Core/Src/tft.c:2196:30: warning: 'ILI9481_RGB_regValues' defined but not used [-Wunused-const-variable=]
 2196 |         static const uint8_t ILI9481_RGB_regValues[]  = {    // 320x480
      |                              ^~~~~~~~~~~~~~~~~~~~~
"make -j12 all" terminated with exit code 2. Build might be incomplete.
15:51:38 **** Incremental Build of configuration Debug for project LCD ****
make -j12 all 
arm-none-eabi-gcc "../Core/Src/main.c" -mcpu=cortex-m3 -std=gnu11 -g3 -DDEBUG -DUSE_HAL_DRIVER -DSTM32L100xC -c -I../Core/Inc -I../Drivers/STM32L1xx_HAL_Driver/Inc -I../Drivers/STM32L1xx_HAL_Driver/Inc/Legacy -I../Drivers/CMSIS/Device/ST/STM32L1xx/Include -I../Drivers/CMSIS/Include -O0 -ffunction-sections -fdata-sections -Wall -fstack-usage -MMD -MP -MF"Core/Src/main.d" -MT"Core/Src/main.o" --specs=nano.specs -mfloat-abi=soft -mthumb -o "Core/Src/main.o"
arm-none-eabi-gcc "../Core/Src/tft.c" -mcpu=cortex-m3 -std=gnu11 -g3 -DDEBUG -DUSE_HAL_DRIVER -DSTM32L100xC -c -I../Core/Inc -I../Drivers/STM32L1xx_HAL_Driver/Inc -I../Drivers/STM32L1xx_HAL_Driver/Inc/Legacy -I../Drivers/CMSIS/Device/ST/STM32L1xx/Include -I../Drivers/CMSIS/Include -O0 -ffunction-sections -fdata-sections -Wall -fstack-usage -MMD -MP -MF"Core/Src/tft.d" -MT"Core/Src/tft.o" --specs=nano.specs -mfloat-abi=soft -mthumb -o "Core/Src/tft.o"
../Core/Src/main.c: In function 'main':
../Core/Src/main.c:99:5: error: 'ID' undeclared (first use in this function)
   99 |     ID = readID();
      |     ^~
../Core/Src/main.c:99:5: note: each undeclared identifier is reported only once for each function it appears in
../Core/Src/main.c:118:48: warning: pointer targets in passing argument 5 of 'printnewtstr' differ in signedness [-Wpointer-sign]
  118 |       printnewtstr(100, RED, &mono12x7bold, 1, "HELLO WORLD");
      |                                                ^~~~~~~~~~~~~
      |                                                |
      |                                                char *
In file included from ../Core/Src/main.c:25:
../Core/Inc/tft.h:98:92: note: expected 'uint8_t *' {aka 'unsigned char *'} but argument is of type 'char *'
   98 | void printnewtstr (int row, uint16_t txtcolor, const GFXfont *f, uint8_t txtsize, uint8_t *str);
      |                                                                                   ~~~~~~~~~^~~
make: *** [Core/Src/subdir.mk:40: Core/Src/main.o] Error 1
make: *** Waiting for unfinished jobs....
../Core/Src/tft.c: In function 'init_table':
../Core/Src/tft.c:351:13: warning: implicit declaration of function 'delay' [-Wimplicit-function-declaration]
  351 |             delay(len);
      |             ^~~~~
../Core/Src/tft.c: In function 'readReg':
../Core/Src/tft.c:411:13: warning: unused variable 'lo' [-Wunused-variable]
  411 |     uint8_t lo;
      |             ^~
../Core/Src/tft.c: In function 'tft_init':
../Core/Src/tft.c:2196:30: warning: unused variable 'ILI9481_RGB_regValues' [-Wunused-variable]
 2196 |         static const uint8_t ILI9481_RGB_regValues[]  = {    // 320x480
      |                              ^~~~~~~~~~~~~~~~~~~~~
../Core/Src/tft.c:2182:30: warning: unused variable 'ILI9481_CMO35_regValues' [-Wunused-variable]
 2182 |         static const uint8_t ILI9481_CMO35_regValues[]  = {    // 320480
      |                              ^~~~~~~~~~~~~~~~~~~~~~~
../Core/Src/tft.c:2171:30: warning: unused variable 'ILI9481_AUO317_regValues' [-Wunused-variable]
 2171 |         static const uint8_t ILI9481_AUO317_regValues[]  = {    // 320x480
      |                              ^~~~~~~~~~~~~~~~~~~~~~~~
../Core/Src/tft.c:2159:30: warning: unused variable 'ILI9481_PVI35_regValues' [-Wunused-variable]
 2159 |         static const uint8_t ILI9481_PVI35_regValues[]  = {    // 320x480
      |                              ^~~~~~~~~~~~~~~~~~~~~~~
../Core/Src/tft.c:2147:30: warning: unused variable 'ILI9481_CPT29_regValues' [-Wunused-variable]
 2147 |         static const uint8_t ILI9481_CPT29_regValues[]  = {    // 320x430
      |                              ^~~~~~~~~~~~~~~~~~~~~~~
../Core/Src/tft.c:2066:30: warning: unused variable 'ILI9341_regValues_ada' [-Wunused-variable]
 2066 |         static const uint8_t ILI9341_regValues_ada[]  = {        // Adafruit_TFTLCD only works with EXTC=0
      |                              ^~~~~~~~~~~~~~~~~~~~~
../Core/Src/tft.c:1152:30: warning: unused variable 'ST7789_regValues_arcain6' [-Wunused-variable]
 1152 |         static const uint8_t ST7789_regValues_arcain6[]  = {
      |                              ^~~~~~~~~~~~~~~~~~~~~~~~
../Core/Src/tft.c:444:6: warning: variable 'dummy' set but not used [-Wunused-but-set-variable]
  444 |  int dummy=0;
      |      ^~~~~
../Core/Src/tft.c: In function 'readID':
../Core/Src/tft.c:2500:5: error: 'ret' undeclared (first use in this function)
 2500 |     ret = readReg(0,0);           //forces a reset() if called before begin()
      |     ^~~
../Core/Src/tft.c:2500:5: note: each undeclared identifier is reported only once for each function it appears in
../Core/Src/tft.c:2562:5: warning: this 'if' clause does not guard... [-Wmisleading-indentation]
 2562 |     if (ret == 0x1526)          //R61526 [xx 06 15 26] if I have written NVM
      |     ^~
../Core/Src/tft.c:2564:2: note: ...this statement, but the latter is misleadingly indented as if it were guarded by the 'if'
 2564 |  if (ret == 0x89F0)          //ST7735S: [xx 7C 89 F0]
      |  ^~
../Core/Src/tft.c: In function 'readGRAM':
../Core/Src/tft.c:2597:22: warning: unused variable 'tmp' [-Wunused-variable]
 2597 |     uint8_t r, g, b, tmp;
      |                      ^~~
../Core/Src/tft.c: In function 'setRotation':
../Core/Src/tft.c:2781:10: warning: label 'common_ORG' defined but not used [-Wunused-label]
 2781 |          common_ORG:
      |          ^~~~~~~~~~
../Core/Src/tft.c:2661:28: warning: unused variable 'REV' [-Wunused-variable]
 2661 |    uint16_t GS, SS_v, ORG, REV = _lcd_rev;
      |                            ^~~
../Core/Src/tft.c: In function 'vertScroll':
../Core/Src/tft.c:2889:13: warning: variable 'sea' set but not used [-Wunused-but-set-variable]
 2889 |     int16_t sea = top;
      |             ^~~
../Core/Src/tft.c: In function 'drawChar':
../Core/Src/tft.c:212:33: warning: cast to pointer from integer of different size [-Wint-to-pointer-cast]
  212 | #define pgm_read_pointer(addr) ((void *)pgm_read_word(addr))
      |                                 ^
../Core/Src/tft.c:3614:43: note: in expansion of macro 'pgm_read_pointer'
 3614 |         GFXglyph *glyph  = &(((GFXglyph *)pgm_read_pointer(&gfxFont->glyph))[c]);
      |                                           ^~~~~~~~~~~~~~~~
../Core/Src/tft.c:212:33: warning: cast to pointer from integer of different size [-Wint-to-pointer-cast]
  212 | #define pgm_read_pointer(addr) ((void *)pgm_read_word(addr))
      |                                 ^
../Core/Src/tft.c:3615:39: note: in expansion of macro 'pgm_read_pointer'
 3615 |         uint8_t  *bitmap = (uint8_t *)pgm_read_pointer(&gfxFont->bitmap);
      |                                       ^~~~~~~~~~~~~~~~
../Core/Src/tft.c: In function 'write':
../Core/Src/tft.c:212:33: warning: cast to pointer from integer of different size [-Wint-to-pointer-cast]
  212 | #define pgm_read_pointer(addr) ((void *)pgm_read_word(addr))
      |                                 ^
../Core/Src/tft.c:3666:50: note: in expansion of macro 'pgm_read_pointer'
 3666 |                 GFXglyph *glyph = &(((GFXglyph *)pgm_read_pointer(
      |                                                  ^~~~~~~~~~~~~~~~
../Core/Src/tft.c: In function 'charBounds':
../Core/Src/tft.c:212:33: warning: cast to pointer from integer of different size [-Wint-to-pointer-cast]
  212 | #define pgm_read_pointer(addr) ((void *)pgm_read_word(addr))
      |                                 ^
../Core/Src/tft.c:3735:50: note: in expansion of macro 'pgm_read_pointer'
 3735 |                 GFXglyph *glyph = &(((GFXglyph *)pgm_read_pointer(
      |                                                  ^~~~~~~~~~~~~~~~
At top level:
../Core/Src/tft.c:1152:30: warning: 'ST7789_regValues_arcain6' defined but not used [-Wunused-const-variable=]
 1152 |         static const uint8_t ST7789_regValues_arcain6[]  = {
      |                              ^~~~~~~~~~~~~~~~~~~~~~~~
../Core/Src/tft.c:2066:30: warning: 'ILI9341_regValues_ada' defined but not used [-Wunused-const-variable=]
 2066 |         static const uint8_t ILI9341_regValues_ada[]  = {        // Adafruit_TFTLCD only works with EXTC=0
      |                              ^~~~~~~~~~~~~~~~~~~~~
../Core/Src/tft.c:2147:30: warning: 'ILI9481_CPT29_regValues' defined but not used [-Wunused-const-variable=]
 2147 |         static const uint8_t ILI9481_CPT29_regValues[]  = {    // 320x430
      |                              ^~~~~~~~~~~~~~~~~~~~~~~
../Core/Src/tft.c:2159:30: warning: 'ILI9481_PVI35_regValues' defined but not used [-Wunused-const-variable=]
 2159 |         static const uint8_t ILI9481_PVI35_regValues[]  = {    // 320x480
      |                              ^~~~~~~~~~~~~~~~~~~~~~~
../Core/Src/tft.c:2171:30: warning: 'ILI9481_AUO317_regValues' defined but not used [-Wunused-const-variable=]
 2171 |         static const uint8_t ILI9481_AUO317_regValues[]  = {    // 320x480
      |                              ^~~~~~~~~~~~~~~~~~~~~~~~
../Core/Src/tft.c:2182:30: warning: 'ILI9481_CMO35_regValues' defined but not used [-Wunused-const-variable=]
 2182 |         static const uint8_t ILI9481_CMO35_regValues[]  = {    // 320480
      |                              ^~~~~~~~~~~~~~~~~~~~~~~
../Core/Src/tft.c:2196:30: warning: 'ILI9481_RGB_regValues' defined but not used [-Wunused-const-variable=]
 2196 |         static const uint8_t ILI9481_RGB_regValues[]  = {    // 320x480
      |                              ^~~~~~~~~~~~~~~~~~~~~
make: *** [Core/Src/subdir.mk:40: Core/Src/tft.o] Error 1
"make -j12 all" terminated with exit code 2. Build might be incomplete.
13:11:50 **** Incremental Build of configuration Debug for project LCD ****
make -j12 all 
arm-none-eabi-gcc "../Drivers/STM32L1xx_HAL_Driver/Src/stm32l1xx_hal.c" -mcpu=cortex-m3 -std=gnu11 -g3 -DDEBUG -DUSE_HAL_DRIVER -DSTM32L100xC -c -I../Core/Inc -I../Drivers/STM32L1xx_HAL_Driver/Inc -I../Drivers/STM32L1xx_HAL_Driver/Inc/Legacy -I../Drivers/CMSIS/Device/ST/STM32L1xx/Include -I../Drivers/CMSIS/Include -O0 -ffunction-sections -fdata-sections -Wall -fstack-usage -MMD -MP -MF"Drivers/STM32L1xx_HAL_Driver/Src/stm32l1xx_hal.d" -MT"Drivers/STM32L1xx_HAL_Driver/Src/stm32l1xx_hal.o" --specs=nano.specs -mfloat-abi=soft -mthumb -o "Drivers/STM32L1xx_HAL_Driver/Src/stm32l1xx_hal.o"
arm-none-eabi-gcc "../Drivers/STM32L1xx_HAL_Driver/Src/stm32l1xx_hal_cortex.c" -mcpu=cortex-m3 -std=gnu11 -g3 -DDEBUG -DUSE_HAL_DRIVER -DSTM32L100xC -c -I../Core/Inc -I../Drivers/STM32L1xx_HAL_Driver/Inc -I../Drivers/STM32L1xx_HAL_Driver/Inc/Legacy -I../Drivers/CMSIS/Device/ST/STM32L1xx/Include -I../Drivers/CMSIS/Include -O0 -ffunction-sections -fdata-sections -Wall -fstack-usage -MMD -MP -MF"Drivers/STM32L1xx_HAL_Driver/Src/stm32l1xx_hal_cortex.d" -MT"Drivers/STM32L1xx_HAL_Driver/Src/stm32l1xx_hal_cortex.o" --specs=nano.specs -mfloat-abi=soft -mthumb -o "Drivers/STM32L1xx_HAL_Driver/Src/stm32l1xx_hal_cortex.o"
arm-none-eabi-gcc "../Drivers/STM32L1xx_HAL_Driver/Src/stm32l1xx_hal_dma.c" -mcpu=cortex-m3 -std=gnu11 -g3 -DDEBUG -DUSE_HAL_DRIVER -DSTM32L100xC -c -I../Core/Inc -I../Drivers/STM32L1xx_HAL_Driver/Inc -I../Drivers/STM32L1xx_HAL_Driver/Inc/Legacy -I../Drivers/CMSIS/Device/ST/STM32L1xx/Include -I../Drivers/CMSIS/Include -O0 -ffunction-sections -fdata-sections -Wall -fstack-usage -MMD -MP -MF"Drivers/STM32L1xx_HAL_Driver/Src/stm32l1xx_hal_dma.d" -MT"Drivers/STM32L1xx_HAL_Driver/Src/stm32l1xx_hal_dma.o" --specs=nano.specs -mfloat-abi=soft -mthumb -o "Drivers/STM32L1xx_HAL_Driver/Src/stm32l1xx_hal_dma.o"
arm-none-eabi-gcc "../Drivers/STM32L1xx_HAL_Driver/Src/stm32l1xx_hal_exti.c" -mcpu=cortex-m3 -std=gnu11 -g3 -DDEBUG -DUSE_HAL_DRIVER -DSTM32L100xC -c -I../Core/Inc -I../Drivers/STM32L1xx_HAL_Driver/Inc -I../Drivers/STM32L1xx_HAL_Driver/Inc/Legacy -I../Drivers/CMSIS/Device/ST/STM32L1xx/Include -I../Drivers/CMSIS/Include -O0 -ffunction-sections -fdata-sections -Wall -fstack-usage -MMD -MP -MF"Drivers/STM32L1xx_HAL_Driver/Src/stm32l1xx_hal_exti.d" -MT"Drivers/STM32L1xx_HAL_Driver/Src/stm32l1xx_hal_exti.o" --specs=nano.specs -mfloat-abi=soft -mthumb -o "Drivers/STM32L1xx_HAL_Driver/Src/stm32l1xx_hal_exti.o"
arm-none-eabi-gcc "../Drivers/STM32L1xx_HAL_Driver/Src/stm32l1xx_hal_flash.c" -mcpu=cortex-m3 -std=gnu11 -g3 -DDEBUG -DUSE_HAL_DRIVER -DSTM32L100xC -c -I../Core/Inc -I../Drivers/STM32L1xx_HAL_Driver/Inc -I../Drivers/STM32L1xx_HAL_Driver/Inc/Legacy -I../Drivers/CMSIS/Device/ST/STM32L1xx/Include -I../Drivers/CMSIS/Include -O0 -ffunction-sections -fdata-sections -Wall -fstack-usage -MMD -MP -MF"Drivers/STM32L1xx_HAL_Driver/Src/stm32l1xx_hal_flash.d" -MT"Drivers/STM32L1xx_HAL_Driver/Src/stm32l1xx_hal_flash.o" --specs=nano.specs -mfloat-abi=soft -mthumb -o "Drivers/STM32L1xx_HAL_Driver/Src/stm32l1xx_hal_flash.o"
arm-none-eabi-gcc "../Drivers/STM32L1xx_HAL_Driver/Src/stm32l1xx_hal_flash_ex.c" -mcpu=cortex-m3 -std=gnu11 -g3 -DDEBUG -DUSE_HAL_DRIVER -DSTM32L100xC -c -I../Core/Inc -I../Drivers/STM32L1xx_HAL_Driver/Inc -I../Drivers/STM32L1xx_HAL_Driver/Inc/Legacy -I../Drivers/CMSIS/Device/ST/STM32L1xx/Include -I../Drivers/CMSIS/Include -O0 -ffunction-sections -fdata-sections -Wall -fstack-usage -MMD -MP -MF"Drivers/STM32L1xx_HAL_Driver/Src/stm32l1xx_hal_flash_ex.d" -MT"Drivers/STM32L1xx_HAL_Driver/Src/stm32l1xx_hal_flash_ex.o" --specs=nano.specs -mfloat-abi=soft -mthumb -o "Drivers/STM32L1xx_HAL_Driver/Src/stm32l1xx_hal_flash_ex.o"
arm-none-eabi-gcc "../Drivers/STM32L1xx_HAL_Driver/Src/stm32l1xx_hal_flash_ramfunc.c" -mcpu=cortex-m3 -std=gnu11 -g3 -DDEBUG -DUSE_HAL_DRIVER -DSTM32L100xC -c -I../Core/Inc -I../Drivers/STM32L1xx_HAL_Driver/Inc -I../Drivers/STM32L1xx_HAL_Driver/Inc/Legacy -I../Drivers/CMSIS/Device/ST/STM32L1xx/Include -I../Drivers/CMSIS/Include -O0 -ffunction-sections -fdata-sections -Wall -fstack-usage -MMD -MP -MF"Drivers/STM32L1xx_HAL_Driver/Src/stm32l1xx_hal_flash_ramfunc.d" -MT"Drivers/STM32L1xx_HAL_Driver/Src/stm32l1xx_hal_flash_ramfunc.o" --specs=nano.specs -mfloat-abi=soft -mthumb -o "Drivers/STM32L1xx_HAL_Driver/Src/stm32l1xx_hal_flash_ramfunc.o"
arm-none-eabi-gcc "../Drivers/STM32L1xx_HAL_Driver/Src/stm32l1xx_hal_gpio.c" -mcpu=cortex-m3 -std=gnu11 -g3 -DDEBUG -DUSE_HAL_DRIVER -DSTM32L100xC -c -I../Core/Inc -I../Drivers/STM32L1xx_HAL_Driver/Inc -I../Drivers/STM32L1xx_HAL_Driver/Inc/Legacy -I../Drivers/CMSIS/Device/ST/STM32L1xx/Include -I../Drivers/CMSIS/Include -O0 -ffunction-sections -fdata-sections -Wall -fstack-usage -MMD -MP -MF"Drivers/STM32L1xx_HAL_Driver/Src/stm32l1xx_hal_gpio.d" -MT"Drivers/STM32L1xx_HAL_Driver/Src/stm32l1xx_hal_gpio.o" --specs=nano.specs -mfloat-abi=soft -mthumb -o "Drivers/STM32L1xx_HAL_Driver/Src/stm32l1xx_hal_gpio.o"
arm-none-eabi-gcc "../Drivers/STM32L1xx_HAL_Driver/Src/stm32l1xx_hal_pwr.c" -mcpu=cortex-m3 -std=gnu11 -g3 -DDEBUG -DUSE_HAL_DRIVER -DSTM32L100xC -c -I../Core/Inc -I../Drivers/STM32L1xx_HAL_Driver/Inc -I../Drivers/STM32L1xx_HAL_Driver/Inc/Legacy -I../Drivers/CMSIS/Device/ST/STM32L1xx/Include -I../Drivers/CMSIS/Include -O0 -ffunction-sections -fdata-sections -Wall -fstack-usage -MMD -MP -MF"Drivers/STM32L1xx_HAL_Driver/Src/stm32l1xx_hal_pwr.d" -MT"Drivers/STM32L1xx_HAL_Driver/Src/stm32l1xx_hal_pwr.o" --specs=nano.specs -mfloat-abi=soft -mthumb -o "Drivers/STM32L1xx_HAL_Driver/Src/stm32l1xx_hal_pwr.o"
arm-none-eabi-gcc "../Drivers/STM32L1xx_HAL_Driver/Src/stm32l1xx_hal_pwr_ex.c" -mcpu=cortex-m3 -std=gnu11 -g3 -DDEBUG -DUSE_HAL_DRIVER -DSTM32L100xC -c -I../Core/Inc -I../Drivers/STM32L1xx_HAL_Driver/Inc -I../Drivers/STM32L1xx_HAL_Driver/Inc/Legacy -I../Drivers/CMSIS/Device/ST/STM32L1xx/Include -I../Drivers/CMSIS/Include -O0 -ffunction-sections -fdata-sections -Wall -fstack-usage -MMD -MP -MF"Drivers/STM32L1xx_HAL_Driver/Src/stm32l1xx_hal_pwr_ex.d" -MT"Drivers/STM32L1xx_HAL_Driver/Src/stm32l1xx_hal_pwr_ex.o" --specs=nano.specs -mfloat-abi=soft -mthumb -o "Drivers/STM32L1xx_HAL_Driver/Src/stm32l1xx_hal_pwr_ex.o"
arm-none-eabi-gcc "../Drivers/STM32L1xx_HAL_Driver/Src/stm32l1xx_hal_rcc.c" -mcpu=cortex-m3 -std=gnu11 -g3 -DDEBUG -DUSE_HAL_DRIVER -DSTM32L100xC -c -I../Core/Inc -I../Drivers/STM32L1xx_HAL_Driver/Inc -I../Drivers/STM32L1xx_HAL_Driver/Inc/Legacy -I../Drivers/CMSIS/Device/ST/STM32L1xx/Include -I../Drivers/CMSIS/Include -O0 -ffunction-sections -fdata-sections -Wall -fstack-usage -MMD -MP -MF"Drivers/STM32L1xx_HAL_Driver/Src/stm32l1xx_hal_rcc.d" -MT"Drivers/STM32L1xx_HAL_Driver/Src/stm32l1xx_hal_rcc.o" --specs=nano.specs -mfloat-abi=soft -mthumb -o "Drivers/STM32L1xx_HAL_Driver/Src/stm32l1xx_hal_rcc.o"
arm-none-eabi-gcc "../Drivers/STM32L1xx_HAL_Driver/Src/stm32l1xx_hal_rcc_ex.c" -mcpu=cortex-m3 -std=gnu11 -g3 -DDEBUG -DUSE_HAL_DRIVER -DSTM32L100xC -c -I../Core/Inc -I../Drivers/STM32L1xx_HAL_Driver/Inc -I../Drivers/STM32L1xx_HAL_Driver/Inc/Legacy -I../Drivers/CMSIS/Device/ST/STM32L1xx/Include -I../Drivers/CMSIS/Include -O0 -ffunction-sections -fdata-sections -Wall -fstack-usage -MMD -MP -MF"Drivers/STM32L1xx_HAL_Driver/Src/stm32l1xx_hal_rcc_ex.d" -MT"Drivers/STM32L1xx_HAL_Driver/Src/stm32l1xx_hal_rcc_ex.o" --specs=nano.specs -mfloat-abi=soft -mthumb -o "Drivers/STM32L1xx_HAL_Driver/Src/stm32l1xx_hal_rcc_ex.o"
arm-none-eabi-gcc "../Drivers/STM32L1xx_HAL_Driver/Src/stm32l1xx_hal_tim.c" -mcpu=cortex-m3 -std=gnu11 -g3 -DDEBUG -DUSE_HAL_DRIVER -DSTM32L100xC -c -I../Core/Inc -I../Drivers/STM32L1xx_HAL_Driver/Inc -I../Drivers/STM32L1xx_HAL_Driver/Inc/Legacy -I../Drivers/CMSIS/Device/ST/STM32L1xx/Include -I../Drivers/CMSIS/Include -O0 -ffunction-sections -fdata-sections -Wall -fstack-usage -MMD -MP -MF"Drivers/STM32L1xx_HAL_Driver/Src/stm32l1xx_hal_tim.d" -MT"Drivers/STM32L1xx_HAL_Driver/Src/stm32l1xx_hal_tim.o" --specs=nano.specs -mfloat-abi=soft -mthumb -o "Drivers/STM32L1xx_HAL_Driver/Src/stm32l1xx_hal_tim.o"
arm-none-eabi-gcc "../Drivers/STM32L1xx_HAL_Driver/Src/stm32l1xx_hal_tim_ex.c" -mcpu=cortex-m3 -std=gnu11 -g3 -DDEBUG -DUSE_HAL_DRIVER -DSTM32L100xC -c -I../Core/Inc -I../Drivers/STM32L1xx_HAL_Driver/Inc -I../Drivers/STM32L1xx_HAL_Driver/Inc/Legacy -I../Drivers/CMSIS/Device/ST/STM32L1xx/Include -I../Drivers/CMSIS/Include -O0 -ffunction-sections -fdata-sections -Wall -fstack-usage -MMD -MP -MF"Drivers/STM32L1xx_HAL_Driver/Src/stm32l1xx_hal_tim_ex.d" -MT"Drivers/STM32L1xx_HAL_Driver/Src/stm32l1xx_hal_tim_ex.o" --specs=nano.specs -mfloat-abi=soft -mthumb -o "Drivers/STM32L1xx_HAL_Driver/Src/stm32l1xx_hal_tim_ex.o"
arm-none-eabi-gcc "../Core/Src/main.c" -mcpu=cortex-m3 -std=gnu11 -g3 -DDEBUG -DUSE_HAL_DRIVER -DSTM32L100xC -c -I../Core/Inc -I../Drivers/STM32L1xx_HAL_Driver/Inc -I../Drivers/STM32L1xx_HAL_Driver/Inc/Legacy -I../Drivers/CMSIS/Device/ST/STM32L1xx/Include -I../Drivers/CMSIS/Include -O0 -ffunction-sections -fdata-sections -Wall -fstack-usage -MMD -MP -MF"Core/Src/main.d" -MT"Core/Src/main.o" --specs=nano.specs -mfloat-abi=soft -mthumb -o "Core/Src/main.o"
arm-none-eabi-gcc "../Core/Src/stm32l1xx_hal_msp.c" -mcpu=cortex-m3 -std=gnu11 -g3 -DDEBUG -DUSE_HAL_DRIVER -DSTM32L100xC -c -I../Core/Inc -I../Drivers/STM32L1xx_HAL_Driver/Inc -I../Drivers/STM32L1xx_HAL_Driver/Inc/Legacy -I../Drivers/CMSIS/Device/ST/STM32L1xx/Include -I../Drivers/CMSIS/Include -O0 -ffunction-sections -fdata-sections -Wall -fstack-usage -MMD -MP -MF"Core/Src/stm32l1xx_hal_msp.d" -MT"Core/Src/stm32l1xx_hal_msp.o" --specs=nano.specs -mfloat-abi=soft -mthumb -o "Core/Src/stm32l1xx_hal_msp.o"
arm-none-eabi-gcc "../Core/Src/stm32l1xx_it.c" -mcpu=cortex-m3 -std=gnu11 -g3 -DDEBUG -DUSE_HAL_DRIVER -DSTM32L100xC -c -I../Core/Inc -I../Drivers/STM32L1xx_HAL_Driver/Inc -I../Drivers/STM32L1xx_HAL_Driver/Inc/Legacy -I../Drivers/CMSIS/Device/ST/STM32L1xx/Include -I../Drivers/CMSIS/Include -O0 -ffunction-sections -fdata-sections -Wall -fstack-usage -MMD -MP -MF"Core/Src/stm32l1xx_it.d" -MT"Core/Src/stm32l1xx_it.o" --specs=nano.specs -mfloat-abi=soft -mthumb -o "Core/Src/stm32l1xx_it.o"
arm-none-eabi-gcc "../Core/Src/syscalls.c" -mcpu=cortex-m3 -std=gnu11 -g3 -DDEBUG -DUSE_HAL_DRIVER -DSTM32L100xC -c -I../Core/Inc -I../Drivers/STM32L1xx_HAL_Driver/Inc -I../Drivers/STM32L1xx_HAL_Driver/Inc/Legacy -I../Drivers/CMSIS/Device/ST/STM32L1xx/Include -I../Drivers/CMSIS/Include -O0 -ffunction-sections -fdata-sections -Wall -fstack-usage -MMD -MP -MF"Core/Src/syscalls.d" -MT"Core/Src/syscalls.o" --specs=nano.specs -mfloat-abi=soft -mthumb -o "Core/Src/syscalls.o"
../Core/Src/main.c: In function 'main':
../Core/Src/main.c:90:3: warning: implicit declaration of function 'HAL_TIM_Base_Start' [-Wimplicit-function-declaration]
arm-none-eabi-gcc "../Core/Src/sysmem.c" -mcpu=cortex-m3 -std=gnu11 -g3 -DDEBUG -DUSE_HAL_DRIVER -DSTM32L100xC -c -I../Core/Inc -I../Drivers/STM32L1xx_HAL_Driver/Inc -I../Drivers/STM32L1xx_HAL_Driver/Inc/Legacy -I../Drivers/CMSIS/Device/ST/STM32L1xx/Include -I../Drivers/CMSIS/Include -O0 -ffunction-sections -fdata-sections -Wall -fstack-usage -MMD -MP -MF"Core/Src/sysmem.d" -MT"Core/Src/sysmem.o" --specs=nano.specs -mfloat-abi=soft -mthumb -o "Core/Src/sysmem.o"
   90 |   HAL_TIM_Base_Start(&htim2);
      |   ^~~~~~~~~~~~~~~~~~
../Core/Src/main.c:90:23: error: 'htim2' undeclared (first use in this function)
   90 |   HAL_TIM_Base_Start(&htim2);
      |                       ^~~~~
../Core/Src/main.c:90:23: note: each undeclared identifier is reported only once for each function it appears in
../Core/Src/main.c:93:5: error: 'ID' undeclared (first use in this function)
   93 |     ID = readID();
      |     ^~
../Core/Src/main.c:93:10: warning: implicit declaration of function 'readID' [-Wimplicit-function-declaration]
   93 |     ID = readID();
      |          ^~~~~~
../Core/Src/main.c:97:5: warning: implicit declaration of function 'tft_init' [-Wimplicit-function-declaration]
   97 |     tft_init (ID);
      |     ^~~~~~~~
../Core/Src/main.c:99:5: warning: implicit declaration of function 'setRotation' [-Wimplicit-function-declaration]
   99 |     setRotation(0);
      |     ^~~~~~~~~~~
../Core/Src/main.c:101:5: warning: implicit declaration of function 'fillScreen' [-Wimplicit-function-declaration]
  101 |     fillScreen(BLACK);
      |     ^~~~~~~~~~
../Core/Src/main.c:101:16: error: 'BLACK' undeclared (first use in this function)
arm-none-eabi-gcc "../Core/Src/system_stm32l1xx.c" -mcpu=cortex-m3 -std=gnu11 -g3 -DDEBUG -DUSE_HAL_DRIVER -DSTM32L100xC -c -I../Core/Inc -I../Drivers/STM32L1xx_HAL_Driver/Inc -I../Drivers/STM32L1xx_HAL_Driver/Inc/Legacy -I../Drivers/CMSIS/Device/ST/STM32L1xx/Include -I../Drivers/CMSIS/Include -O0 -ffunction-sections -fdata-sections -Wall -fstack-usage -MMD -MP -MF"Core/Src/system_stm32l1xx.d" -MT"Core/Src/system_stm32l1xx.o" --specs=nano.specs -mfloat-abi=soft -mthumb -o "Core/Src/system_stm32l1xx.o"
  101 |     fillScreen(BLACK);
      |                ^~~~~
../Core/Src/main.c:112:7: warning: implicit declaration of function 'printnewtstr' [-Wimplicit-function-declaration]
  112 |       printnewtstr(100, RED, &mono12x7bold, 1, "HELLO WORLD");
      |       ^~~~~~~~~~~~
../Core/Src/main.c:112:25: error: 'RED' undeclared (first use in this function)
  112 |       printnewtstr(100, RED, &mono12x7bold, 1, "HELLO WORLD");
      |                         ^~~
../Core/Src/main.c:112:31: error: 'mono12x7bold' undeclared (first use in this function)
  112 |       printnewtstr(100, RED, &mono12x7bold, 1, "HELLO WORLD");
      |                               ^~~~~~~~~~~~
../Core/Src/main.c:114:7: warning: implicit declaration of function 'scrollup' [-Wimplicit-function-declaration]
  114 |       scrollup(100);
      |       ^~~~~~~~
../Core/Src/main.c:116:7: warning: implicit declaration of function 'invertDisplay' [-Wimplicit-function-declaration]
  116 |       invertDisplay(1);
      |       ^~~~~~~~~~~~~
make: *** [Core/Src/subdir.mk:34: Core/Src/main.o] Error 1
make: *** Waiting for unfinished jobs....
"make -j12 all" terminated with exit code 2. Build might be incomplete.
13:12:16 **** Incremental Build of configuration Debug for project LCD ****
make -j12 all 
arm-none-eabi-gcc "../Core/Src/main.c" -mcpu=cortex-m3 -std=gnu11 -g3 -DDEBUG -DUSE_HAL_DRIVER -DSTM32L100xC -c -I../Core/Inc -I../Drivers/STM32L1xx_HAL_Driver/Inc -I../Drivers/STM32L1xx_HAL_Driver/Inc/Legacy -I../Drivers/CMSIS/Device/ST/STM32L1xx/Include -I../Drivers/CMSIS/Include -O0 -ffunction-sections -fdata-sections -Wall -fstack-usage -MMD -MP -MF"Core/Src/main.d" -MT"Core/Src/main.o" --specs=nano.specs -mfloat-abi=soft -mthumb -o "Core/Src/main.o"
arm-none-eabi-gcc -o "LCD.elf" @"objects.list"   -mcpu=cortex-m3 -T"D:\WORK\STM32\WORKSPACE\LCD\STM32L100RCTX_FLASH.ld" --specs=nosys.specs -Wl,-Map="LCD.map" -Wl,--gc-sections -static --specs=nano.specs -mfloat-abi=soft -mthumb -Wl,--start-group -lc -lm -Wl,--end-group
Finished building target: LCD.elf
 
arm-none-eabi-size   LCD.elf 
arm-none-eabi-objdump -h -S  LCD.elf  > "LCD.list"
   text	   data	    bss	    dec	    hex	filename
   6280	     20	   1572	   7872	   1ec0	LCD.elf
Finished building: default.size.stdout
 
Finished building: LCD.list
 
13:12:29 **** Incremental Build of configuration Debug for project LCD ****
make -j12 all 
arm-none-eabi-size   LCD.elf 
   text	   data	    bss	    dec	    hex	filename
   6280	     20	   1572	   7872	   1ec0	LCD.elf
Finished building: default.size.stdout
 
13:12:49 **** Incremental Build of configuration Debug for project LCD ****
make -j12 all 
arm-none-eabi-size   LCD.elf 
   text	   data	    bss	    dec	    hex	filename
   6280	     20	   1572	   7872	   1ec0	LCD.elf
Finished building: default.size.stdout
 
14:32:45 **** Incremental Build of configuration Debug for project LCD ****
make -j12 all 
arm-none-eabi-gcc "../Core/Src/AsciiLib.c" -mcpu=cortex-m3 -std=gnu11 -g3 -DDEBUG -DUSE_HAL_DRIVER -DSTM32L100xC -c -I../Core/Inc -I../Drivers/STM32L1xx_HAL_Driver/Inc -I../Drivers/STM32L1xx_HAL_Driver/Inc/Legacy -I../Drivers/CMSIS/Device/ST/STM32L1xx/Include -I../Drivers/CMSIS/Include -O0 -ffunction-sections -fdata-sections -Wall -fstack-usage -MMD -MP -MF"Core/Src/AsciiLib.d" -MT"Core/Src/AsciiLib.o" --specs=nano.specs -mfloat-abi=soft -mthumb -o "Core/Src/AsciiLib.o"
arm-none-eabi-gcc "../Core/Src/GLCD.c" -mcpu=cortex-m3 -std=gnu11 -g3 -DDEBUG -DUSE_HAL_DRIVER -DSTM32L100xC -c -I../Core/Inc -I../Drivers/STM32L1xx_HAL_Driver/Inc -I../Drivers/STM32L1xx_HAL_Driver/Inc/Legacy -I../Drivers/CMSIS/Device/ST/STM32L1xx/Include -I../Drivers/CMSIS/Include -O0 -ffunction-sections -fdata-sections -Wall -fstack-usage -MMD -MP -MF"Core/Src/GLCD.d" -MT"Core/Src/GLCD.o" --specs=nano.specs -mfloat-abi=soft -mthumb -o "Core/Src/GLCD.o"
arm-none-eabi-gcc "../Core/Src/main.c" -mcpu=cortex-m3 -std=gnu11 -g3 -DDEBUG -DUSE_HAL_DRIVER -DSTM32L100xC -c -I../Core/Inc -I../Drivers/STM32L1xx_HAL_Driver/Inc -I../Drivers/STM32L1xx_HAL_Driver/Inc/Legacy -I../Drivers/CMSIS/Device/ST/STM32L1xx/Include -I../Drivers/CMSIS/Include -O0 -ffunction-sections -fdata-sections -Wall -fstack-usage -MMD -MP -MF"Core/Src/main.d" -MT"Core/Src/main.o" --specs=nano.specs -mfloat-abi=soft -mthumb -o "Core/Src/main.o"
arm-none-eabi-gcc "../Core/Src/stm32l1xx_hal_msp.c" -mcpu=cortex-m3 -std=gnu11 -g3 -DDEBUG -DUSE_HAL_DRIVER -DSTM32L100xC -c -I../Core/Inc -I../Drivers/STM32L1xx_HAL_Driver/Inc -I../Drivers/STM32L1xx_HAL_Driver/Inc/Legacy -I../Drivers/CMSIS/Device/ST/STM32L1xx/Include -I../Drivers/CMSIS/Include -O0 -ffunction-sections -fdata-sections -Wall -fstack-usage -MMD -MP -MF"Core/Src/stm32l1xx_hal_msp.d" -MT"Core/Src/stm32l1xx_hal_msp.o" --specs=nano.specs -mfloat-abi=soft -mthumb -o "Core/Src/stm32l1xx_hal_msp.o"
arm-none-eabi-gcc "../Core/Src/stm32l1xx_it.c" -mcpu=cortex-m3 -std=gnu11 -g3 -DDEBUG -DUSE_HAL_DRIVER -DSTM32L100xC -c -I../Core/Inc -I../Drivers/STM32L1xx_HAL_Driver/Inc -I../Drivers/STM32L1xx_HAL_Driver/Inc/Legacy -I../Drivers/CMSIS/Device/ST/STM32L1xx/Include -I../Drivers/CMSIS/Include -O0 -ffunction-sections -fdata-sections -Wall -fstack-usage -MMD -MP -MF"Core/Src/stm32l1xx_it.d" -MT"Core/Src/stm32l1xx_it.o" --specs=nano.specs -mfloat-abi=soft -mthumb -o "Core/Src/stm32l1xx_it.o"
arm-none-eabi-gcc "../Core/Src/syscalls.c" -mcpu=cortex-m3 -std=gnu11 -g3 -DDEBUG -DUSE_HAL_DRIVER -DSTM32L100xC -c -I../Core/Inc -I../Drivers/STM32L1xx_HAL_Driver/Inc -I../Drivers/STM32L1xx_HAL_Driver/Inc/Legacy -I../Drivers/CMSIS/Device/ST/STM32L1xx/Include -I../Drivers/CMSIS/Include -O0 -ffunction-sections -fdata-sections -Wall -fstack-usage -MMD -MP -MF"Core/Src/syscalls.d" -MT"Core/Src/syscalls.o" --specs=nano.specs -mfloat-abi=soft -mthumb -o "Core/Src/syscalls.o"
arm-none-eabi-gcc "../Core/Src/sysmem.c" -mcpu=cortex-m3 -std=gnu11 -g3 -DDEBUG -DUSE_HAL_DRIVER -DSTM32L100xC -c -I../Core/Inc -I../Drivers/STM32L1xx_HAL_Driver/Inc -I../Drivers/STM32L1xx_HAL_Driver/Inc/Legacy -I../Drivers/CMSIS/Device/ST/STM32L1xx/Include -I../Drivers/CMSIS/Include -O0 -ffunction-sections -fdata-sections -Wall -fstack-usage -MMD -MP -MF"Core/Src/sysmem.d" -MT"Core/Src/sysmem.o" --specs=nano.specs -mfloat-abi=soft -mthumb -o "Core/Src/sysmem.o"
arm-none-eabi-gcc "../Core/Src/system_stm32l1xx.c" -mcpu=cortex-m3 -std=gnu11 -g3 -DDEBUG -DUSE_HAL_DRIVER -DSTM32L100xC -c -I../Core/Inc -I../Drivers/STM32L1xx_HAL_Driver/Inc -I../Drivers/STM32L1xx_HAL_Driver/Inc/Legacy -I../Drivers/CMSIS/Device/ST/STM32L1xx/Include -I../Drivers/CMSIS/Include -O0 -ffunction-sections -fdata-sections -Wall -fstack-usage -MMD -MP -MF"Core/Src/system_stm32l1xx.d" -MT"Core/Src/system_stm32l1xx.o" --specs=nano.specs -mfloat-abi=soft -mthumb -o "Core/Src/system_stm32l1xx.o"
In file included from ../Core/Src/GLCD.c:23:
../Core/Inc/GLCD.h:26:10: fatal error: stm32f10x.h: No such file or directory
   26 | #include "stm32f10x.h"
      |          ^~~~~~~~~~~~~
compilation terminated.
make: *** [Core/Src/subdir.mk:40: Core/Src/GLCD.o] Error 1
make: *** Waiting for unfinished jobs....
In file included from ../Core/Src/main.c:21:
../Core/Inc/GLCD.h:26:10: fatal error: stm32f10x.h: No such file or directory
   26 | #include "stm32f10x.h"
      |          ^~~~~~~~~~~~~
compilation terminated.
make: *** [Core/Src/subdir.mk:40: Core/Src/main.o] Error 1
"make -j12 all" terminated with exit code 2. Build might be incomplete.
14:33:42 **** Incremental Build of configuration Debug for project LCD ****
make -j12 all 
arm-none-eabi-gcc "../Core/Src/GLCD.c" -mcpu=cortex-m3 -std=gnu11 -g3 -DDEBUG -DUSE_HAL_DRIVER -DSTM32L100xC -c -I../Core/Inc -I../Drivers/STM32L1xx_HAL_Driver/Inc -I../Drivers/STM32L1xx_HAL_Driver/Inc/Legacy -I../Drivers/CMSIS/Device/ST/STM32L1xx/Include -I../Drivers/CMSIS/Include -O0 -ffunction-sections -fdata-sections -Wall -fstack-usage -MMD -MP -MF"Core/Src/GLCD.d" -MT"Core/Src/GLCD.o" --specs=nano.specs -mfloat-abi=soft -mthumb -o "Core/Src/GLCD.o"
arm-none-eabi-gcc "../Core/Src/main.c" -mcpu=cortex-m3 -std=gnu11 -g3 -DDEBUG -DUSE_HAL_DRIVER -DSTM32L100xC -c -I../Core/Inc -I../Drivers/STM32L1xx_HAL_Driver/Inc -I../Drivers/STM32L1xx_HAL_Driver/Inc/Legacy -I../Drivers/CMSIS/Device/ST/STM32L1xx/Include -I../Drivers/CMSIS/Include -O0 -ffunction-sections -fdata-sections -Wall -fstack-usage -MMD -MP -MF"Core/Src/main.d" -MT"Core/Src/main.o" --specs=nano.specs -mfloat-abi=soft -mthumb -o "Core/Src/main.o"
../Core/Src/GLCD.c: In function 'LCD_Configuration':
../Core/Src/GLCD.c:45:2: warning: implicit declaration of function 'RCC_APB2PeriphClockCmd' [-Wimplicit-function-declaration]
   45 |  RCC_APB2PeriphClockCmd( RCC_APB2Periph_GPIOC | RCC_APB2Periph_GPIOE, ENABLE);
      |  ^~~~~~~~~~~~~~~~~~~~~~
../Core/Src/GLCD.c:45:26: error: 'RCC_APB2Periph_GPIOC' undeclared (first use in this function)
   45 |  RCC_APB2PeriphClockCmd( RCC_APB2Periph_GPIOC | RCC_APB2Periph_GPIOE, ENABLE);
      |                          ^~~~~~~~~~~~~~~~~~~~
../Core/Src/GLCD.c:45:26: note: each undeclared identifier is reported only once for each function it appears in
../Core/Src/GLCD.c:45:49: error: 'RCC_APB2Periph_GPIOE' undeclared (first use in this function)
   45 |  RCC_APB2PeriphClockCmd( RCC_APB2Periph_GPIOC | RCC_APB2Periph_GPIOE, ENABLE);
      |                                                 ^~~~~~~~~~~~~~~~~~~~
../Core/Src/GLCD.c:51:9: warning: "/*" within comment [-Wcomment]
   51 |         /* setting the IO to output mode */
      |          
../Core/Src/GLCD.c:53:20: error: 'GPIO_InitTypeDef' has no member named 'GPIO_Pin'
   53 |  GPIO_InitStructure.GPIO_Pin = GPIO_Pin_All;
      |                    ^
../Core/Src/GLCD.c:53:32: error: 'GPIO_Pin_All' undeclared (first use in this function); did you mean 'GPIO_PIN_All'?
   53 |  GPIO_InitStructure.GPIO_Pin = GPIO_Pin_All;
      |                                ^~~~~~~~~~~~
      |                                GPIO_PIN_All
../Core/Src/GLCD.c:54:20: error: 'GPIO_InitTypeDef' has no member named 'GPIO_Speed'
   54 |  GPIO_InitStructure.GPIO_Speed = GPIO_Speed_50MHz;
      |                    ^
../Core/Src/GLCD.c:54:34: error: 'GPIO_Speed_50MHz' undeclared (first use in this function)
   54 |  GPIO_InitStructure.GPIO_Speed = GPIO_Speed_50MHz;
      |                                  ^~~~~~~~~~~~~~~~
../Core/Src/GLCD.c:55:20: error: 'GPIO_InitTypeDef' has no member named 'GPIO_Mode'
   55 |  GPIO_InitStructure.GPIO_Mode = GPIO_Mode_Out_PP;
      |                    ^
../Core/Src/GLCD.c:55:33: error: 'GPIO_Mode_Out_PP' undeclared (first use in this function)
   55 |  GPIO_InitStructure.GPIO_Mode = GPIO_Mode_Out_PP;
      |                                 ^~~~~~~~~~~~~~~~
../Core/Src/GLCD.c:56:2: warning: implicit declaration of function 'GPIO_Init' [-Wimplicit-function-declaration]
   56 |  GPIO_Init(GPIOE, &GPIO_InitStructure);
      |  ^~~~~~~~~
../Core/Src/GLCD.c:56:12: error: 'GPIOE' undeclared (first use in this function); did you mean 'GPIOD'?
   56 |  GPIO_Init(GPIOE, &GPIO_InitStructure);
      |            ^~~~~
      |            GPIOD
../Core/Src/GLCD.c:62:20: error: 'GPIO_InitTypeDef' has no member named 'GPIO_Pin'
   62 |  GPIO_InitStructure.GPIO_Pin = GPIO_Pin_6 | GPIO_Pin_7 | GPIO_Pin_8;
      |                    ^
../Core/Src/GLCD.c:62:32: error: 'GPIO_Pin_6' undeclared (first use in this function); did you mean 'GPIO_PIN_6'?
   62 |  GPIO_InitStructure.GPIO_Pin = GPIO_Pin_6 | GPIO_Pin_7 | GPIO_Pin_8;
      |                                ^~~~~~~~~~
      |                                GPIO_PIN_6
../Core/Src/GLCD.c:62:45: error: 'GPIO_Pin_7' undeclared (first use in this function); did you mean 'GPIO_PIN_7'?
   62 |  GPIO_InitStructure.GPIO_Pin = GPIO_Pin_6 | GPIO_Pin_7 | GPIO_Pin_8;
      |                                             ^~~~~~~~~~
      |                                             GPIO_PIN_7
../Core/Src/GLCD.c:62:58: error: 'GPIO_Pin_8' undeclared (first use in this function); did you mean 'GPIO_PIN_8'?
   62 |  GPIO_InitStructure.GPIO_Pin = GPIO_Pin_6 | GPIO_Pin_7 | GPIO_Pin_8;
      |                                                          ^~~~~~~~~~
      |                                                          GPIO_PIN_8
../Core/Src/GLCD.c:63:20: error: 'GPIO_InitTypeDef' has no member named 'GPIO_Speed'
   63 |  GPIO_InitStructure.GPIO_Speed = GPIO_Speed_50MHz;
      |                    ^
../Core/Src/GLCD.c:64:20: error: 'GPIO_InitTypeDef' has no member named 'GPIO_Mode'
   64 |  GPIO_InitStructure.GPIO_Mode = GPIO_Mode_Out_PP;
      |                    ^
../Core/Src/GLCD.c:71:20: error: 'GPIO_InitTypeDef' has no member named 'GPIO_Pin'
   71 |  GPIO_InitStructure.GPIO_Pin = GPIO_Pin_9;
      |                    ^
../Core/Src/GLCD.c:71:32: error: 'GPIO_Pin_9' undeclared (first use in this function); did you mean 'GPIO_PIN_9'?
   71 |  GPIO_InitStructure.GPIO_Pin = GPIO_Pin_9;
      |                                ^~~~~~~~~~
      |                                GPIO_PIN_9
../Core/Src/GLCD.c:72:20: error: 'GPIO_InitTypeDef' has no member named 'GPIO_Speed'
   72 |  GPIO_InitStructure.GPIO_Speed = GPIO_Speed_50MHz;
      |                    ^
../Core/Src/GLCD.c:73:20: error: 'GPIO_InitTypeDef' has no member named 'GPIO_Mode'
   73 |  GPIO_InitStructure.GPIO_Mode = GPIO_Mode_Out_PP;
      |                    ^
../Core/Src/GLCD.c: In function 'LCD_WriteIndex':
../Core/Src/GLCD.c:94:2: error: 'GPIOE' undeclared (first use in this function); did you mean 'GPIOD'?
   94 |  GPIOE->ODR = index;  /* GPIO_Write(GPIOE,index); */
      |  ^~~~~
      |  GPIOD
../Core/Src/GLCD.c: In function 'LCD_WriteData':
../Core/Src/GLCD.c:115:2: error: 'GPIOE' undeclared (first use in this function); did you mean 'GPIOD'?
  115 |  GPIOE->ODR = data;  /* GPIO_Write(GPIOE,data); */
      |  ^~~~~
      |  GPIOD
../Core/Src/GLCD.c: In function 'LCD_ReadData':
../Core/Src/GLCD.c:144:5: warning: "/*" within comment [-Wcomment]
  144 |     /* setting the IO to input mode */
      |      
../Core/Src/GLCD.c:147:23: error: 'GPIO_InitTypeDef' has no member named 'GPIO_Pin'
  147 |     GPIO_InitStructure.GPIO_Pin = GPIO_Pin_All;
      |                       ^
../Core/Src/GLCD.c:147:35: error: 'GPIO_Pin_All' undeclared (first use in this function); did you mean 'GPIO_PIN_All'?
  147 |     GPIO_InitStructure.GPIO_Pin = GPIO_Pin_All;
      |                                   ^~~~~~~~~~~~
      |                                   GPIO_PIN_All
../Core/Src/GLCD.c:148:23: error: 'GPIO_InitTypeDef' has no member named 'GPIO_Speed'
  148 |     GPIO_InitStructure.GPIO_Speed = GPIO_Speed_50MHz;
      |                       ^
../Core/Src/GLCD.c:148:37: error: 'GPIO_Speed_50MHz' undeclared (first use in this function)
  148 |     GPIO_InitStructure.GPIO_Speed = GPIO_Speed_50MHz;
      |                                     ^~~~~~~~~~~~~~~~
../Core/Src/GLCD.c:149:23: error: 'GPIO_InitTypeDef' has no member named 'GPIO_Mode'
  149 |     GPIO_InitStructure.GPIO_Mode = GPIO_Mode_IN_FLOATING;
      |                       ^
../Core/Src/GLCD.c:149:36: error: 'GPIO_Mode_IN_FLOATING' undeclared (first use in this function)
  149 |     GPIO_InitStructure.GPIO_Mode = GPIO_Mode_IN_FLOATING;
      |                                    ^~~~~~~~~~~~~~~~~~~~~
../Core/Src/GLCD.c:150:15: error: 'GPIOE' undeclared (first use in this function); did you mean 'GPIOD'?
  150 |     GPIO_Init(GPIOE, &GPIO_InitStructure);
      |               ^~~~~
      |               GPIOD
../Core/Src/GLCD.c:153:13: warning: implicit declaration of function 'GPIO_ReadInputData' [-Wimplicit-function-declaration]
  153 |     value = GPIO_ReadInputData(GPIOE);
      |             ^~~~~~~~~~~~~~~~~~
../Core/Src/GLCD.c:167:23: error: 'GPIO_InitTypeDef' has no member named 'GPIO_Pin'
  167 |     GPIO_InitStructure.GPIO_Pin = GPIO_Pin_All;
      |                       ^
../Core/Src/GLCD.c:168:23: error: 'GPIO_InitTypeDef' has no member named 'GPIO_Speed'
  168 |     GPIO_InitStructure.GPIO_Speed = GPIO_Speed_50MHz;
      |                       ^
../Core/Src/GLCD.c:169:23: error: 'GPIO_InitTypeDef' has no member named 'GPIO_Mode'
  169 |     GPIO_InitStructure.GPIO_Mode = GPIO_Mode_Out_PP;
      |                       ^
../Core/Src/GLCD.c:169:36: error: 'GPIO_Mode_Out_PP' undeclared (first use in this function)
  169 |     GPIO_InitStructure.GPIO_Mode = GPIO_Mode_Out_PP;
      |                                    ^~~~~~~~~~~~~~~~
../Core/Src/GLCD.c: In function 'LCD_Initializtion':
../Core/Src/GLCD.c:280:6: error: 'DeviceCode' undeclared (first use in this function)
  280 |  if( DeviceCode == 0x9320 || DeviceCode == 0x9300 )
      |      ^~~~~~~~~~
../Core/Src/GLCD.c:273:17: warning: variable 'LCD_ID' set but not used [-Wunused-but-set-variable]
  273 |  unsigned short LCD_ID;
      |                 ^~~~~~
../Core/Src/GLCD.c: In function 'PutChar':
../Core/Src/GLCD.c:555:32: warning: suggest parentheses around '-' inside '>>' [-Wparentheses]
  555 |             if( (tmp_char >> 7 - j) & 0x01 == 0x01 )
      |                              ~~^~~
../Core/Src/GLCD.c:555:37: warning: suggest parentheses around comparison in operand of '&' [-Wparentheses]
  555 |             if( (tmp_char >> 7 - j) & 0x01 == 0x01 )
      |                                     ^
make: *** [Core/Src/subdir.mk:40: Core/Src/GLCD.o] Error 1
"make -j12 all" terminated with exit code 2. Build might be incomplete.
14:51:10 **** Incremental Build of configuration Debug for project LCD ****
make -j12 all 
arm-none-eabi-gcc "../Drivers/STM32L1xx_HAL_Driver/Src/stm32l1xx_hal.c" -mcpu=cortex-m3 -std=gnu11 -g3 -DDEBUG -DUSE_HAL_DRIVER -DSTM32L100xC -c -I../Core/Inc -I../Drivers/STM32L1xx_HAL_Driver/Inc -I../Drivers/STM32L1xx_HAL_Driver/Inc/Legacy -I../Drivers/CMSIS/Device/ST/STM32L1xx/Include -I../Drivers/CMSIS/Include -O0 -ffunction-sections -fdata-sections -Wall -fstack-usage -MMD -MP -MF"Drivers/STM32L1xx_HAL_Driver/Src/stm32l1xx_hal.d" -MT"Drivers/STM32L1xx_HAL_Driver/Src/stm32l1xx_hal.o" --specs=nano.specs -mfloat-abi=soft -mthumb -o "Drivers/STM32L1xx_HAL_Driver/Src/stm32l1xx_hal.o"
arm-none-eabi-gcc "../Drivers/STM32L1xx_HAL_Driver/Src/stm32l1xx_hal_cortex.c" -mcpu=cortex-m3 -std=gnu11 -g3 -DDEBUG -DUSE_HAL_DRIVER -DSTM32L100xC -c -I../Core/Inc -I../Drivers/STM32L1xx_HAL_Driver/Inc -I../Drivers/STM32L1xx_HAL_Driver/Inc/Legacy -I../Drivers/CMSIS/Device/ST/STM32L1xx/Include -I../Drivers/CMSIS/Include -O0 -ffunction-sections -fdata-sections -Wall -fstack-usage -MMD -MP -MF"Drivers/STM32L1xx_HAL_Driver/Src/stm32l1xx_hal_cortex.d" -MT"Drivers/STM32L1xx_HAL_Driver/Src/stm32l1xx_hal_cortex.o" --specs=nano.specs -mfloat-abi=soft -mthumb -o "Drivers/STM32L1xx_HAL_Driver/Src/stm32l1xx_hal_cortex.o"
arm-none-eabi-gcc "../Drivers/STM32L1xx_HAL_Driver/Src/stm32l1xx_hal_dma.c" -mcpu=cortex-m3 -std=gnu11 -g3 -DDEBUG -DUSE_HAL_DRIVER -DSTM32L100xC -c -I../Core/Inc -I../Drivers/STM32L1xx_HAL_Driver/Inc -I../Drivers/STM32L1xx_HAL_Driver/Inc/Legacy -I../Drivers/CMSIS/Device/ST/STM32L1xx/Include -I../Drivers/CMSIS/Include -O0 -ffunction-sections -fdata-sections -Wall -fstack-usage -MMD -MP -MF"Drivers/STM32L1xx_HAL_Driver/Src/stm32l1xx_hal_dma.d" -MT"Drivers/STM32L1xx_HAL_Driver/Src/stm32l1xx_hal_dma.o" --specs=nano.specs -mfloat-abi=soft -mthumb -o "Drivers/STM32L1xx_HAL_Driver/Src/stm32l1xx_hal_dma.o"
arm-none-eabi-gcc "../Drivers/STM32L1xx_HAL_Driver/Src/stm32l1xx_hal_exti.c" -mcpu=cortex-m3 -std=gnu11 -g3 -DDEBUG -DUSE_HAL_DRIVER -DSTM32L100xC -c -I../Core/Inc -I../Drivers/STM32L1xx_HAL_Driver/Inc -I../Drivers/STM32L1xx_HAL_Driver/Inc/Legacy -I../Drivers/CMSIS/Device/ST/STM32L1xx/Include -I../Drivers/CMSIS/Include -O0 -ffunction-sections -fdata-sections -Wall -fstack-usage -MMD -MP -MF"Drivers/STM32L1xx_HAL_Driver/Src/stm32l1xx_hal_exti.d" -MT"Drivers/STM32L1xx_HAL_Driver/Src/stm32l1xx_hal_exti.o" --specs=nano.specs -mfloat-abi=soft -mthumb -o "Drivers/STM32L1xx_HAL_Driver/Src/stm32l1xx_hal_exti.o"
arm-none-eabi-gcc "../Drivers/STM32L1xx_HAL_Driver/Src/stm32l1xx_hal_flash.c" -mcpu=cortex-m3 -std=gnu11 -g3 -DDEBUG -DUSE_HAL_DRIVER -DSTM32L100xC -c -I../Core/Inc -I../Drivers/STM32L1xx_HAL_Driver/Inc -I../Drivers/STM32L1xx_HAL_Driver/Inc/Legacy -I../Drivers/CMSIS/Device/ST/STM32L1xx/Include -I../Drivers/CMSIS/Include -O0 -ffunction-sections -fdata-sections -Wall -fstack-usage -MMD -MP -MF"Drivers/STM32L1xx_HAL_Driver/Src/stm32l1xx_hal_flash.d" -MT"Drivers/STM32L1xx_HAL_Driver/Src/stm32l1xx_hal_flash.o" --specs=nano.specs -mfloat-abi=soft -mthumb -o "Drivers/STM32L1xx_HAL_Driver/Src/stm32l1xx_hal_flash.o"
arm-none-eabi-gcc "../Drivers/STM32L1xx_HAL_Driver/Src/stm32l1xx_hal_flash_ex.c" -mcpu=cortex-m3 -std=gnu11 -g3 -DDEBUG -DUSE_HAL_DRIVER -DSTM32L100xC -c -I../Core/Inc -I../Drivers/STM32L1xx_HAL_Driver/Inc -I../Drivers/STM32L1xx_HAL_Driver/Inc/Legacy -I../Drivers/CMSIS/Device/ST/STM32L1xx/Include -I../Drivers/CMSIS/Include -O0 -ffunction-sections -fdata-sections -Wall -fstack-usage -MMD -MP -MF"Drivers/STM32L1xx_HAL_Driver/Src/stm32l1xx_hal_flash_ex.d" -MT"Drivers/STM32L1xx_HAL_Driver/Src/stm32l1xx_hal_flash_ex.o" --specs=nano.specs -mfloat-abi=soft -mthumb -o "Drivers/STM32L1xx_HAL_Driver/Src/stm32l1xx_hal_flash_ex.o"
arm-none-eabi-gcc "../Drivers/STM32L1xx_HAL_Driver/Src/stm32l1xx_hal_flash_ramfunc.c" -mcpu=cortex-m3 -std=gnu11 -g3 -DDEBUG -DUSE_HAL_DRIVER -DSTM32L100xC -c -I../Core/Inc -I../Drivers/STM32L1xx_HAL_Driver/Inc -I../Drivers/STM32L1xx_HAL_Driver/Inc/Legacy -I../Drivers/CMSIS/Device/ST/STM32L1xx/Include -I../Drivers/CMSIS/Include -O0 -ffunction-sections -fdata-sections -Wall -fstack-usage -MMD -MP -MF"Drivers/STM32L1xx_HAL_Driver/Src/stm32l1xx_hal_flash_ramfunc.d" -MT"Drivers/STM32L1xx_HAL_Driver/Src/stm32l1xx_hal_flash_ramfunc.o" --specs=nano.specs -mfloat-abi=soft -mthumb -o "Drivers/STM32L1xx_HAL_Driver/Src/stm32l1xx_hal_flash_ramfunc.o"
arm-none-eabi-gcc "../Drivers/STM32L1xx_HAL_Driver/Src/stm32l1xx_hal_gpio.c" -mcpu=cortex-m3 -std=gnu11 -g3 -DDEBUG -DUSE_HAL_DRIVER -DSTM32L100xC -c -I../Core/Inc -I../Drivers/STM32L1xx_HAL_Driver/Inc -I../Drivers/STM32L1xx_HAL_Driver/Inc/Legacy -I../Drivers/CMSIS/Device/ST/STM32L1xx/Include -I../Drivers/CMSIS/Include -O0 -ffunction-sections -fdata-sections -Wall -fstack-usage -MMD -MP -MF"Drivers/STM32L1xx_HAL_Driver/Src/stm32l1xx_hal_gpio.d" -MT"Drivers/STM32L1xx_HAL_Driver/Src/stm32l1xx_hal_gpio.o" --specs=nano.specs -mfloat-abi=soft -mthumb -o "Drivers/STM32L1xx_HAL_Driver/Src/stm32l1xx_hal_gpio.o"
arm-none-eabi-gcc "../Drivers/STM32L1xx_HAL_Driver/Src/stm32l1xx_hal_pwr.c" -mcpu=cortex-m3 -std=gnu11 -g3 -DDEBUG -DUSE_HAL_DRIVER -DSTM32L100xC -c -I../Core/Inc -I../Drivers/STM32L1xx_HAL_Driver/Inc -I../Drivers/STM32L1xx_HAL_Driver/Inc/Legacy -I../Drivers/CMSIS/Device/ST/STM32L1xx/Include -I../Drivers/CMSIS/Include -O0 -ffunction-sections -fdata-sections -Wall -fstack-usage -MMD -MP -MF"Drivers/STM32L1xx_HAL_Driver/Src/stm32l1xx_hal_pwr.d" -MT"Drivers/STM32L1xx_HAL_Driver/Src/stm32l1xx_hal_pwr.o" --specs=nano.specs -mfloat-abi=soft -mthumb -o "Drivers/STM32L1xx_HAL_Driver/Src/stm32l1xx_hal_pwr.o"
arm-none-eabi-gcc "../Drivers/STM32L1xx_HAL_Driver/Src/stm32l1xx_hal_pwr_ex.c" -mcpu=cortex-m3 -std=gnu11 -g3 -DDEBUG -DUSE_HAL_DRIVER -DSTM32L100xC -c -I../Core/Inc -I../Drivers/STM32L1xx_HAL_Driver/Inc -I../Drivers/STM32L1xx_HAL_Driver/Inc/Legacy -I../Drivers/CMSIS/Device/ST/STM32L1xx/Include -I../Drivers/CMSIS/Include -O0 -ffunction-sections -fdata-sections -Wall -fstack-usage -MMD -MP -MF"Drivers/STM32L1xx_HAL_Driver/Src/stm32l1xx_hal_pwr_ex.d" -MT"Drivers/STM32L1xx_HAL_Driver/Src/stm32l1xx_hal_pwr_ex.o" --specs=nano.specs -mfloat-abi=soft -mthumb -o "Drivers/STM32L1xx_HAL_Driver/Src/stm32l1xx_hal_pwr_ex.o"
arm-none-eabi-gcc "../Drivers/STM32L1xx_HAL_Driver/Src/stm32l1xx_hal_rcc.c" -mcpu=cortex-m3 -std=gnu11 -g3 -DDEBUG -DUSE_HAL_DRIVER -DSTM32L100xC -c -I../Core/Inc -I../Drivers/STM32L1xx_HAL_Driver/Inc -I../Drivers/STM32L1xx_HAL_Driver/Inc/Legacy -I../Drivers/CMSIS/Device/ST/STM32L1xx/Include -I../Drivers/CMSIS/Include -O0 -ffunction-sections -fdata-sections -Wall -fstack-usage -MMD -MP -MF"Drivers/STM32L1xx_HAL_Driver/Src/stm32l1xx_hal_rcc.d" -MT"Drivers/STM32L1xx_HAL_Driver/Src/stm32l1xx_hal_rcc.o" --specs=nano.specs -mfloat-abi=soft -mthumb -o "Drivers/STM32L1xx_HAL_Driver/Src/stm32l1xx_hal_rcc.o"
arm-none-eabi-gcc "../Drivers/STM32L1xx_HAL_Driver/Src/stm32l1xx_hal_rcc_ex.c" -mcpu=cortex-m3 -std=gnu11 -g3 -DDEBUG -DUSE_HAL_DRIVER -DSTM32L100xC -c -I../Core/Inc -I../Drivers/STM32L1xx_HAL_Driver/Inc -I../Drivers/STM32L1xx_HAL_Driver/Inc/Legacy -I../Drivers/CMSIS/Device/ST/STM32L1xx/Include -I../Drivers/CMSIS/Include -O0 -ffunction-sections -fdata-sections -Wall -fstack-usage -MMD -MP -MF"Drivers/STM32L1xx_HAL_Driver/Src/stm32l1xx_hal_rcc_ex.d" -MT"Drivers/STM32L1xx_HAL_Driver/Src/stm32l1xx_hal_rcc_ex.o" --specs=nano.specs -mfloat-abi=soft -mthumb -o "Drivers/STM32L1xx_HAL_Driver/Src/stm32l1xx_hal_rcc_ex.o"
arm-none-eabi-gcc "../Drivers/STM32L1xx_HAL_Driver/Src/stm32l1xx_hal_tim.c" -mcpu=cortex-m3 -std=gnu11 -g3 -DDEBUG -DUSE_HAL_DRIVER -DSTM32L100xC -c -I../Core/Inc -I../Drivers/STM32L1xx_HAL_Driver/Inc -I../Drivers/STM32L1xx_HAL_Driver/Inc/Legacy -I../Drivers/CMSIS/Device/ST/STM32L1xx/Include -I../Drivers/CMSIS/Include -O0 -ffunction-sections -fdata-sections -Wall -fstack-usage -MMD -MP -MF"Drivers/STM32L1xx_HAL_Driver/Src/stm32l1xx_hal_tim.d" -MT"Drivers/STM32L1xx_HAL_Driver/Src/stm32l1xx_hal_tim.o" --specs=nano.specs -mfloat-abi=soft -mthumb -o "Drivers/STM32L1xx_HAL_Driver/Src/stm32l1xx_hal_tim.o"
arm-none-eabi-gcc "../Drivers/STM32L1xx_HAL_Driver/Src/stm32l1xx_hal_tim_ex.c" -mcpu=cortex-m3 -std=gnu11 -g3 -DDEBUG -DUSE_HAL_DRIVER -DSTM32L100xC -c -I../Core/Inc -I../Drivers/STM32L1xx_HAL_Driver/Inc -I../Drivers/STM32L1xx_HAL_Driver/Inc/Legacy -I../Drivers/CMSIS/Device/ST/STM32L1xx/Include -I../Drivers/CMSIS/Include -O0 -ffunction-sections -fdata-sections -Wall -fstack-usage -MMD -MP -MF"Drivers/STM32L1xx_HAL_Driver/Src/stm32l1xx_hal_tim_ex.d" -MT"Drivers/STM32L1xx_HAL_Driver/Src/stm32l1xx_hal_tim_ex.o" --specs=nano.specs -mfloat-abi=soft -mthumb -o "Drivers/STM32L1xx_HAL_Driver/Src/stm32l1xx_hal_tim_ex.o"
arm-none-eabi-gcc "../Core/Src/GLCD.c" -mcpu=cortex-m3 -std=gnu11 -g3 -DDEBUG -DUSE_HAL_DRIVER -DSTM32L100xC -c -I../Core/Inc -I../Drivers/STM32L1xx_HAL_Driver/Inc -I../Drivers/STM32L1xx_HAL_Driver/Inc/Legacy -I../Drivers/CMSIS/Device/ST/STM32L1xx/Include -I../Drivers/CMSIS/Include -O0 -ffunction-sections -fdata-sections -Wall -fstack-usage -MMD -MP -MF"Core/Src/GLCD.d" -MT"Core/Src/GLCD.o" --specs=nano.specs -mfloat-abi=soft -mthumb -o "Core/Src/GLCD.o"
arm-none-eabi-gcc "../Core/Src/main.c" -mcpu=cortex-m3 -std=gnu11 -g3 -DDEBUG -DUSE_HAL_DRIVER -DSTM32L100xC -c -I../Core/Inc -I../Drivers/STM32L1xx_HAL_Driver/Inc -I../Drivers/STM32L1xx_HAL_Driver/Inc/Legacy -I../Drivers/CMSIS/Device/ST/STM32L1xx/Include -I../Drivers/CMSIS/Include -O0 -ffunction-sections -fdata-sections -Wall -fstack-usage -MMD -MP -MF"Core/Src/main.d" -MT"Core/Src/main.o" --specs=nano.specs -mfloat-abi=soft -mthumb -o "Core/Src/main.o"
arm-none-eabi-gcc "../Core/Src/stm32l1xx_hal_msp.c" -mcpu=cortex-m3 -std=gnu11 -g3 -DDEBUG -DUSE_HAL_DRIVER -DSTM32L100xC -c -I../Core/Inc -I../Drivers/STM32L1xx_HAL_Driver/Inc -I../Drivers/STM32L1xx_HAL_Driver/Inc/Legacy -I../Drivers/CMSIS/Device/ST/STM32L1xx/Include -I../Drivers/CMSIS/Include -O0 -ffunction-sections -fdata-sections -Wall -fstack-usage -MMD -MP -MF"Core/Src/stm32l1xx_hal_msp.d" -MT"Core/Src/stm32l1xx_hal_msp.o" --specs=nano.specs -mfloat-abi=soft -mthumb -o "Core/Src/stm32l1xx_hal_msp.o"
arm-none-eabi-gcc "../Core/Src/stm32l1xx_it.c" -mcpu=cortex-m3 -std=gnu11 -g3 -DDEBUG -DUSE_HAL_DRIVER -DSTM32L100xC -c -I../Core/Inc -I../Drivers/STM32L1xx_HAL_Driver/Inc -I../Drivers/STM32L1xx_HAL_Driver/Inc/Legacy -I../Drivers/CMSIS/Device/ST/STM32L1xx/Include -I../Drivers/CMSIS/Include -O0 -ffunction-sections -fdata-sections -Wall -fstack-usage -MMD -MP -MF"Core/Src/stm32l1xx_it.d" -MT"Core/Src/stm32l1xx_it.o" --specs=nano.specs -mfloat-abi=soft -mthumb -o "Core/Src/stm32l1xx_it.o"
arm-none-eabi-gcc "../Core/Src/system_stm32l1xx.c" -mcpu=cortex-m3 -std=gnu11 -g3 -DDEBUG -DUSE_HAL_DRIVER -DSTM32L100xC -c -I../Core/Inc -I../Drivers/STM32L1xx_HAL_Driver/Inc -I../Drivers/STM32L1xx_HAL_Driver/Inc/Legacy -I../Drivers/CMSIS/Device/ST/STM32L1xx/Include -I../Drivers/CMSIS/Include -O0 -ffunction-sections -fdata-sections -Wall -fstack-usage -MMD -MP -MF"Core/Src/system_stm32l1xx.d" -MT"Core/Src/system_stm32l1xx.o" --specs=nano.specs -mfloat-abi=soft -mthumb -o "Core/Src/system_stm32l1xx.o"
../Core/Src/GLCD.c: In function 'LCD_Configuration':
../Core/Src/GLCD.c:45:2: warning: implicit declaration of function 'RCC_APB2PeriphClockCmd' [-Wimplicit-function-declaration]
   45 |  RCC_APB2PeriphClockCmd( RCC_APB2Periph_GPIOC | RCC_APB2Periph_GPIOE, ENABLE);
      |  ^~~~~~~~~~~~~~~~~~~~~~
../Core/Src/GLCD.c:45:26: error: 'RCC_APB2Periph_GPIOC' undeclared (first use in this function)
   45 |  RCC_APB2PeriphClockCmd( RCC_APB2Periph_GPIOC | RCC_APB2Periph_GPIOE, ENABLE);
      |                          ^~~~~~~~~~~~~~~~~~~~
../Core/Src/GLCD.c:45:26: note: each undeclared identifier is reported only once for each function it appears in
../Core/Src/GLCD.c:45:49: error: 'RCC_APB2Periph_GPIOE' undeclared (first use in this function)
   45 |  RCC_APB2PeriphClockCmd( RCC_APB2Periph_GPIOC | RCC_APB2Periph_GPIOE, ENABLE);
      |                                                 ^~~~~~~~~~~~~~~~~~~~
../Core/Src/GLCD.c:51:9: warning: "/*" within comment [-Wcomment]
   51 |         /* setting the IO to output mode */
      |          
../Core/Src/GLCD.c:53:20: error: 'GPIO_InitTypeDef' has no member named 'GPIO_Pin'
   53 |  GPIO_InitStructure.GPIO_Pin = GPIO_Pin_All;
      |                    ^
../Core/Src/GLCD.c:53:32: error: 'GPIO_Pin_All' undeclared (first use in this function); did you mean 'GPIO_PIN_All'?
   53 |  GPIO_InitStructure.GPIO_Pin = GPIO_Pin_All;
      |                                ^~~~~~~~~~~~
      |                                GPIO_PIN_All
../Core/Src/GLCD.c:54:20: error: 'GPIO_InitTypeDef' has no member named 'GPIO_Speed'
   54 |  GPIO_InitStructure.GPIO_Speed = GPIO_Speed_50MHz;
      |                    ^
../Core/Src/GLCD.c:54:34: error: 'GPIO_Speed_50MHz' undeclared (first use in this function)
   54 |  GPIO_InitStructure.GPIO_Speed = GPIO_Speed_50MHz;
      |                                  ^~~~~~~~~~~~~~~~
../Core/Src/GLCD.c:55:20: error: 'GPIO_InitTypeDef' has no member named 'GPIO_Mode'
   55 |  GPIO_InitStructure.GPIO_Mode = GPIO_Mode_Out_PP;
      |                    ^
../Core/Src/GLCD.c:55:33: error: 'GPIO_Mode_Out_PP' undeclared (first use in this function)
   55 |  GPIO_InitStructure.GPIO_Mode = GPIO_Mode_Out_PP;
      |                                 ^~~~~~~~~~~~~~~~
../Core/Src/GLCD.c:56:2: warning: implicit declaration of function 'GPIO_Init' [-Wimplicit-function-declaration]
   56 |  GPIO_Init(GPIOE, &GPIO_InitStructure);
      |  ^~~~~~~~~
../Core/Src/GLCD.c:56:12: error: 'GPIOE' undeclared (first use in this function); did you mean 'GPIOD'?
   56 |  GPIO_Init(GPIOE, &GPIO_InitStructure);
      |            ^~~~~
      |            GPIOD
../Core/Src/GLCD.c:62:20: error: 'GPIO_InitTypeDef' has no member named 'GPIO_Pin'
   62 |  GPIO_InitStructure.GPIO_Pin = GPIO_Pin_6 | GPIO_Pin_7 | GPIO_Pin_8;
      |                    ^
../Core/Src/GLCD.c:62:32: error: 'GPIO_Pin_6' undeclared (first use in this function); did you mean 'GPIO_PIN_6'?
   62 |  GPIO_InitStructure.GPIO_Pin = GPIO_Pin_6 | GPIO_Pin_7 | GPIO_Pin_8;
      |                                ^~~~~~~~~~
      |                                GPIO_PIN_6
../Core/Src/GLCD.c:62:45: error: 'GPIO_Pin_7' undeclared (first use in this function); did you mean 'GPIO_PIN_7'?
   62 |  GPIO_InitStructure.GPIO_Pin = GPIO_Pin_6 | GPIO_Pin_7 | GPIO_Pin_8;
      |                                             ^~~~~~~~~~
      |                                             GPIO_PIN_7
../Core/Src/GLCD.c:62:58: error: 'GPIO_Pin_8' undeclared (first use in this function); did you mean 'GPIO_PIN_8'?
   62 |  GPIO_InitStructure.GPIO_Pin = GPIO_Pin_6 | GPIO_Pin_7 | GPIO_Pin_8;
      |                                                          ^~~~~~~~~~
      |                                                          GPIO_PIN_8
../Core/Src/GLCD.c:63:20: error: 'GPIO_InitTypeDef' has no member named 'GPIO_Speed'
   63 |  GPIO_InitStructure.GPIO_Speed = GPIO_Speed_50MHz;
      |                    ^
../Core/Src/GLCD.c:64:20: error: 'GPIO_InitTypeDef' has no member named 'GPIO_Mode'
   64 |  GPIO_InitStructure.GPIO_Mode = GPIO_Mode_Out_PP;
      |                    ^
../Core/Src/GLCD.c:71:20: error: 'GPIO_InitTypeDef' has no member named 'GPIO_Pin'
   71 |  GPIO_InitStructure.GPIO_Pin = GPIO_Pin_9;
      |                    ^
../Core/Src/GLCD.c:71:32: error: 'GPIO_Pin_9' undeclared (first use in this function); did you mean 'GPIO_PIN_9'?
   71 |  GPIO_InitStructure.GPIO_Pin = GPIO_Pin_9;
      |                                ^~~~~~~~~~
      |                                GPIO_PIN_9
../Core/Src/GLCD.c:72:20: error: 'GPIO_InitTypeDef' has no member named 'GPIO_Speed'
   72 |  GPIO_InitStructure.GPIO_Speed = GPIO_Speed_50MHz;
      |                    ^
[...]
arm-none-eabi-gcc "../Drivers/STM32L1xx_HAL_Driver/Src/stm32l1xx_hal_pwr_ex.c" -mcpu=cortex-m3 -std=gnu11 -g3 -DDEBUG -DUSE_HAL_DRIVER -DSTM32L100xC -c -I../Core/Inc -I../Drivers/STM32L1xx_HAL_Driver/Inc -I../Drivers/STM32L1xx_HAL_Driver/Inc/Legacy -I../Drivers/CMSIS/Device/ST/STM32L1xx/Include -I../Drivers/CMSIS/Include -O0 -ffunction-sections -fdata-sections -Wall -fstack-usage -MMD -MP -MF"Drivers/STM32L1xx_HAL_Driver/Src/stm32l1xx_hal_pwr_ex.d" -MT"Drivers/STM32L1xx_HAL_Driver/Src/stm32l1xx_hal_pwr_ex.o" --specs=nano.specs -mfloat-abi=soft -mthumb -o "Drivers/STM32L1xx_HAL_Driver/Src/stm32l1xx_hal_pwr_ex.o"
arm-none-eabi-gcc "../Drivers/STM32L1xx_HAL_Driver/Src/stm32l1xx_hal_rcc.c" -mcpu=cortex-m3 -std=gnu11 -g3 -DDEBUG -DUSE_HAL_DRIVER -DSTM32L100xC -c -I../Core/Inc -I../Drivers/STM32L1xx_HAL_Driver/Inc -I../Drivers/STM32L1xx_HAL_Driver/Inc/Legacy -I../Drivers/CMSIS/Device/ST/STM32L1xx/Include -I../Drivers/CMSIS/Include -O0 -ffunction-sections -fdata-sections -Wall -fstack-usage -MMD -MP -MF"Drivers/STM32L1xx_HAL_Driver/Src/stm32l1xx_hal_rcc.d" -MT"Drivers/STM32L1xx_HAL_Driver/Src/stm32l1xx_hal_rcc.o" --specs=nano.specs -mfloat-abi=soft -mthumb -o "Drivers/STM32L1xx_HAL_Driver/Src/stm32l1xx_hal_rcc.o"
arm-none-eabi-gcc "../Drivers/STM32L1xx_HAL_Driver/Src/stm32l1xx_hal_rcc_ex.c" -mcpu=cortex-m3 -std=gnu11 -g3 -DDEBUG -DUSE_HAL_DRIVER -DSTM32L100xC -c -I../Core/Inc -I../Drivers/STM32L1xx_HAL_Driver/Inc -I../Drivers/STM32L1xx_HAL_Driver/Inc/Legacy -I../Drivers/CMSIS/Device/ST/STM32L1xx/Include -I../Drivers/CMSIS/Include -O0 -ffunction-sections -fdata-sections -Wall -fstack-usage -MMD -MP -MF"Drivers/STM32L1xx_HAL_Driver/Src/stm32l1xx_hal_rcc_ex.d" -MT"Drivers/STM32L1xx_HAL_Driver/Src/stm32l1xx_hal_rcc_ex.o" --specs=nano.specs -mfloat-abi=soft -mthumb -o "Drivers/STM32L1xx_HAL_Driver/Src/stm32l1xx_hal_rcc_ex.o"
arm-none-eabi-gcc "../Drivers/STM32L1xx_HAL_Driver/Src/stm32l1xx_hal_tim.c" -mcpu=cortex-m3 -std=gnu11 -g3 -DDEBUG -DUSE_HAL_DRIVER -DSTM32L100xC -c -I../Core/Inc -I../Drivers/STM32L1xx_HAL_Driver/Inc -I../Drivers/STM32L1xx_HAL_Driver/Inc/Legacy -I../Drivers/CMSIS/Device/ST/STM32L1xx/Include -I../Drivers/CMSIS/Include -O0 -ffunction-sections -fdata-sections -Wall -fstack-usage -MMD -MP -MF"Drivers/STM32L1xx_HAL_Driver/Src/stm32l1xx_hal_tim.d" -MT"Drivers/STM32L1xx_HAL_Driver/Src/stm32l1xx_hal_tim.o" --specs=nano.specs -mfloat-abi=soft -mthumb -o "Drivers/STM32L1xx_HAL_Driver/Src/stm32l1xx_hal_tim.o"
arm-none-eabi-gcc "../Drivers/STM32L1xx_HAL_Driver/Src/stm32l1xx_hal_tim_ex.c" -mcpu=cortex-m3 -std=gnu11 -g3 -DDEBUG -DUSE_HAL_DRIVER -DSTM32L100xC -c -I../Core/Inc -I../Drivers/STM32L1xx_HAL_Driver/Inc -I../Drivers/STM32L1xx_HAL_Driver/Inc/Legacy -I../Drivers/CMSIS/Device/ST/STM32L1xx/Include -I../Drivers/CMSIS/Include -O0 -ffunction-sections -fdata-sections -Wall -fstack-usage -MMD -MP -MF"Drivers/STM32L1xx_HAL_Driver/Src/stm32l1xx_hal_tim_ex.d" -MT"Drivers/STM32L1xx_HAL_Driver/Src/stm32l1xx_hal_tim_ex.o" --specs=nano.specs -mfloat-abi=soft -mthumb -o "Drivers/STM32L1xx_HAL_Driver/Src/stm32l1xx_hal_tim_ex.o"
arm-none-eabi-gcc "../Core/Src/GLCD.c" -mcpu=cortex-m3 -std=gnu11 -g3 -DDEBUG -DUSE_HAL_DRIVER -DSTM32L100xC -c -I../Core/Inc -I../Drivers/STM32L1xx_HAL_Driver/Inc -I../Drivers/STM32L1xx_HAL_Driver/Inc/Legacy -I../Drivers/CMSIS/Device/ST/STM32L1xx/Include -I../Drivers/CMSIS/Include -O0 -ffunction-sections -fdata-sections -Wall -fstack-usage -MMD -MP -MF"Core/Src/GLCD.d" -MT"Core/Src/GLCD.o" --specs=nano.specs -mfloat-abi=soft -mthumb -o "Core/Src/GLCD.o"
arm-none-eabi-gcc "../Core/Src/main.c" -mcpu=cortex-m3 -std=gnu11 -g3 -DDEBUG -DUSE_HAL_DRIVER -DSTM32L100xC -c -I../Core/Inc -I../Drivers/STM32L1xx_HAL_Driver/Inc -I../Drivers/STM32L1xx_HAL_Driver/Inc/Legacy -I../Drivers/CMSIS/Device/ST/STM32L1xx/Include -I../Drivers/CMSIS/Include -O0 -ffunction-sections -fdata-sections -Wall -fstack-usage -MMD -MP -MF"Core/Src/main.d" -MT"Core/Src/main.o" --specs=nano.specs -mfloat-abi=soft -mthumb -o "Core/Src/main.o"
arm-none-eabi-gcc "../Core/Src/stm32l1xx_hal_msp.c" -mcpu=cortex-m3 -std=gnu11 -g3 -DDEBUG -DUSE_HAL_DRIVER -DSTM32L100xC -c -I../Core/Inc -I../Drivers/STM32L1xx_HAL_Driver/Inc -I../Drivers/STM32L1xx_HAL_Driver/Inc/Legacy -I../Drivers/CMSIS/Device/ST/STM32L1xx/Include -I../Drivers/CMSIS/Include -O0 -ffunction-sections -fdata-sections -Wall -fstack-usage -MMD -MP -MF"Core/Src/stm32l1xx_hal_msp.d" -MT"Core/Src/stm32l1xx_hal_msp.o" --specs=nano.specs -mfloat-abi=soft -mthumb -o "Core/Src/stm32l1xx_hal_msp.o"
arm-none-eabi-gcc "../Core/Src/stm32l1xx_it.c" -mcpu=cortex-m3 -std=gnu11 -g3 -DDEBUG -DUSE_HAL_DRIVER -DSTM32L100xC -c -I../Core/Inc -I../Drivers/STM32L1xx_HAL_Driver/Inc -I../Drivers/STM32L1xx_HAL_Driver/Inc/Legacy -I../Drivers/CMSIS/Device/ST/STM32L1xx/Include -I../Drivers/CMSIS/Include -O0 -ffunction-sections -fdata-sections -Wall -fstack-usage -MMD -MP -MF"Core/Src/stm32l1xx_it.d" -MT"Core/Src/stm32l1xx_it.o" --specs=nano.specs -mfloat-abi=soft -mthumb -o "Core/Src/stm32l1xx_it.o"
arm-none-eabi-gcc "../Core/Src/system_stm32l1xx.c" -mcpu=cortex-m3 -std=gnu11 -g3 -DDEBUG -DUSE_HAL_DRIVER -DSTM32L100xC -c -I../Core/Inc -I../Drivers/STM32L1xx_HAL_Driver/Inc -I../Drivers/STM32L1xx_HAL_Driver/Inc/Legacy -I../Drivers/CMSIS/Device/ST/STM32L1xx/Include -I../Drivers/CMSIS/Include -O0 -ffunction-sections -fdata-sections -Wall -fstack-usage -MMD -MP -MF"Core/Src/system_stm32l1xx.d" -MT"Core/Src/system_stm32l1xx.o" --specs=nano.specs -mfloat-abi=soft -mthumb -o "Core/Src/system_stm32l1xx.o"
../Core/Src/GLCD.c: In function 'LCD_Initializtion':
../Core/Src/GLCD.c:281:17: warning: variable 'LCD_ID' set but not used [-Wunused-but-set-variable]
  281 |  unsigned short LCD_ID;
      |                 ^~~~~~
../Core/Src/GLCD.c: In function 'PutChar':
../Core/Src/GLCD.c:563:32: warning: suggest parentheses around '-' inside '>>' [-Wparentheses]
  563 |             if( (tmp_char >> 7 - j) & 0x01 == 0x01 )
      |                              ~~^~~
../Core/Src/GLCD.c:563:37: warning: suggest parentheses around comparison in operand of '&' [-Wparentheses]
  563 |             if( (tmp_char >> 7 - j) & 0x01 == 0x01 )
      |                                     ^
../Core/Src/main.c: In function 'main':
../Core/Src/main.c:92:3: warning: implicit declaration of function 'LCD_Initializtion' [-Wimplicit-function-declaration]
   92 |   LCD_Initializtion();
      |   ^~~~~~~~~~~~~~~~~
arm-none-eabi-gcc -o "LCD.elf" @"objects.list"   -mcpu=cortex-m3 -T"D:\WORK\STM32\WORKSPACE\LCD\STM32L100RCTX_FLASH.ld" --specs=nosys.specs -Wl,-Map="LCD.map" -Wl,--gc-sections -static --specs=nano.specs -mfloat-abi=soft -mthumb -Wl,--start-group -lc -lm -Wl,--end-group
Finished building target: LCD.elf
 
arm-none-eabi-size   LCD.elf 
arm-none-eabi-objdump -h -S  LCD.elf  > "LCD.list"
   text	   data	    bss	    dec	    hex	filename
   7476	     20	   1572	   9068	   236c	LCD.elf
Finished building: default.size.stdout
 
Finished building: LCD.list
 
15:03:40 **** Incremental Build of configuration Debug for project LCD ****
make -j12 all 
arm-none-eabi-gcc "../Core/Src/main.c" -mcpu=cortex-m3 -std=gnu11 -g3 -DDEBUG -DUSE_HAL_DRIVER -DSTM32L100xC -c -I../Core/Inc -I../Drivers/STM32L1xx_HAL_Driver/Inc -I../Drivers/STM32L1xx_HAL_Driver/Inc/Legacy -I../Drivers/CMSIS/Device/ST/STM32L1xx/Include -I../Drivers/CMSIS/Include -O0 -ffunction-sections -fdata-sections -Wall -fstack-usage -MMD -MP -MF"Core/Src/main.d" -MT"Core/Src/main.o" --specs=nano.specs -mfloat-abi=soft -mthumb -o "Core/Src/main.o"
arm-none-eabi-gcc -o "LCD.elf" @"objects.list"   -mcpu=cortex-m3 -T"D:\WORK\STM32\WORKSPACE\LCD\STM32L100RCTX_FLASH.ld" --specs=nosys.specs -Wl,-Map="LCD.map" -Wl,--gc-sections -static --specs=nano.specs -mfloat-abi=soft -mthumb -Wl,--start-group -lc -lm -Wl,--end-group
Finished building target: LCD.elf
 
arm-none-eabi-size   LCD.elf 
arm-none-eabi-objdump -h -S  LCD.elf  > "LCD.list"
   text	   data	    bss	    dec	    hex	filename
   7476	     20	   1572	   9068	   236c	LCD.elf
Finished building: default.size.stdout
 
Finished building: LCD.list
 
15:20:48 **** Incremental Build of configuration Debug for project LCD ****
make -j12 all 
arm-none-eabi-size   LCD.elf 
   text	   data	    bss	    dec	    hex	filename
   7476	     20	   1572	   9068	   236c	LCD.elf
Finished building: default.size.stdout
 
15:30:03 **** Incremental Build of configuration Debug for project LCD ****
make -j12 all 
arm-none-eabi-gcc "../Core/Src/main.c" -mcpu=cortex-m3 -std=gnu11 -g3 -DDEBUG -DUSE_HAL_DRIVER -DSTM32L100xC -c -I../Core/Inc -I../Drivers/STM32L1xx_HAL_Driver/Inc -I../Drivers/STM32L1xx_HAL_Driver/Inc/Legacy -I../Drivers/CMSIS/Device/ST/STM32L1xx/Include -I../Drivers/CMSIS/Include -O0 -ffunction-sections -fdata-sections -Wall -fstack-usage -MMD -MP -MF"Core/Src/main.d" -MT"Core/Src/main.o" --specs=nano.specs -mfloat-abi=soft -mthumb -o "Core/Src/main.o"
../Core/Src/main.c: In function 'main':
../Core/Src/main.c:103:4: warning: implicit declaration of function 'GetASCIICode' [-Wimplicit-function-declaration]
  103 |    GetASCIICode(pBuffer, ASCII)
      |    ^~~~~~~~~~~~
../Core/Src/main.c:103:17: error: 'pBuffer' undeclared (first use in this function)
  103 |    GetASCIICode(pBuffer, ASCII)
      |                 ^~~~~~~
../Core/Src/main.c:103:17: note: each undeclared identifier is reported only once for each function it appears in
../Core/Src/main.c:103:26: error: 'ASCII' undeclared (first use in this function)
  103 |    GetASCIICode(pBuffer, ASCII)
      |                          ^~~~~
../Core/Src/main.c:103:32: error: expected ';' before '}' token
  103 |    GetASCIICode(pBuffer, ASCII)
      |                                ^
      |                                ;
......
  108 |   }
      |   ~                             
make: *** [Core/Src/subdir.mk:40: Core/Src/main.o] Error 1
"make -j12 all" terminated with exit code 2. Build might be incomplete.
15:30:18 **** Incremental Build of configuration Debug for project LCD ****
make -j12 all 
arm-none-eabi-gcc "../Core/Src/main.c" -mcpu=cortex-m3 -std=gnu11 -g3 -DDEBUG -DUSE_HAL_DRIVER -DSTM32L100xC -c -I../Core/Inc -I../Drivers/STM32L1xx_HAL_Driver/Inc -I../Drivers/STM32L1xx_HAL_Driver/Inc/Legacy -I../Drivers/CMSIS/Device/ST/STM32L1xx/Include -I../Drivers/CMSIS/Include -O0 -ffunction-sections -fdata-sections -Wall -fstack-usage -MMD -MP -MF"Core/Src/main.d" -MT"Core/Src/main.o" --specs=nano.specs -mfloat-abi=soft -mthumb -o "Core/Src/main.o"
arm-none-eabi-gcc -o "LCD.elf" @"objects.list"   -mcpu=cortex-m3 -T"D:\WORK\STM32\WORKSPACE\LCD\STM32L100RCTX_FLASH.ld" --specs=nosys.specs -Wl,-Map="LCD.map" -Wl,--gc-sections -static --specs=nano.specs -mfloat-abi=soft -mthumb -Wl,--start-group -lc -lm -Wl,--end-group
Finished building target: LCD.elf
 
arm-none-eabi-size   LCD.elf 
arm-none-eabi-objdump -h -S  LCD.elf  > "LCD.list"
   text	   data	    bss	    dec	    hex	filename
   7476	     20	   1572	   9068	   236c	LCD.elf
Finished building: default.size.stdout
 
Finished building: LCD.list
 
15:45:48 **** Build of configuration Debug for project ebalalalalalal ****
make all 
arm-none-eabi-gcc "../LCD + TouchPanel(8080 FSMC)/User/TouchPanel/TouchPanel.c" -mcpu=cortex-m3 -std=gnu11 -g3 -c -O0 -ffunction-sections -fdata-sections -Wall -fstack-usage -MMD -MP -MF"LCD + TouchPanel(8080 FSMC)/User/TouchPanel/TouchPanel.d" -MT"LCD + TouchPanel(8080 FSMC)/User/TouchPanel/TouchPanel.o" --specs=nano.specs -mfloat-abi=soft -mthumb -o "LCD + TouchPanel(8080 FSMC)/User/TouchPanel/TouchPanel.o"
In file included from ../LCD + TouchPanel(8080 FSMC)/User/TouchPanel/TouchPanel.c:16:
../LCD + TouchPanel(8080 FSMC)/User/TouchPanel/TouchPanel.h:19:10: fatal error: stm32f10x.h: No such file or directory
   19 | #include "stm32f10x.h"
      |          ^~~~~~~~~~~~~
compilation terminated.
make: *** [LCD + TouchPanel(8080 FSMC)/User/TouchPanel/subdir.mk:19: LCD + TouchPanel(8080 FSMC)/User/TouchPanel/TouchPanel.o] Error 1
"make all" terminated with exit code 2. Build might be incomplete.
15:48:00 **** Incremental Build of configuration Debug for project ebalalalalalal ****
make all 
arm-none-eabi-gcc "../LCD + TouchPanel(8080 FSMC)/User/TouchPanel/TouchPanel.c" -mcpu=cortex-m3 -std=gnu11 -g3 -c -O0 -ffunction-sections -fdata-sections -Wall -fstack-usage -MMD -MP -MF"LCD + TouchPanel(8080 FSMC)/User/TouchPanel/TouchPanel.d" -MT"LCD + TouchPanel(8080 FSMC)/User/TouchPanel/TouchPanel.o" --specs=nano.specs -mfloat-abi=soft -mthumb -o "LCD + TouchPanel(8080 FSMC)/User/TouchPanel/TouchPanel.o"
In file included from ../LCD + TouchPanel(8080 FSMC)/User/TouchPanel/TouchPanel.h:19,
                 from ../LCD + TouchPanel(8080 FSMC)/User/TouchPanel/TouchPanel.c:16:
../LCD + TouchPanel(8080 FSMC)/User/TouchPanel/stm32f10x.h:96:3: error: #error "Please select first the target STM32F10x device used in your application (in stm32f10x.h file)"
   96 |  #error "Please select first the target STM32F10x device used in your application (in stm32f10x.h file)"
      |   ^~~~~
../LCD + TouchPanel(8080 FSMC)/User/TouchPanel/stm32f10x.h:478:10: fatal error: core_cm3.h: No such file or directory
  478 | #include "core_cm3.h"
      |          ^~~~~~~~~~~~
compilation terminated.
make: *** [LCD + TouchPanel(8080 FSMC)/User/TouchPanel/subdir.mk:19: LCD + TouchPanel(8080 FSMC)/User/TouchPanel/TouchPanel.o] Error 1
"make all" terminated with exit code 2. Build might be incomplete.
15:48:45 **** Incremental Build of configuration Debug for project LCD ****
make -j12 all 
arm-none-eabi-size   LCD.elf 
   text	   data	    bss	    dec	    hex	filename
   7476	     20	   1572	   9068	   236c	LCD.elf
Finished building: default.size.stdout
 
15:48:46 **** Incremental Build of configuration Debug for project ebalalalalalal ****
make all 
arm-none-eabi-gcc "../LCD + TouchPanel(8080 FSMC)/User/TouchPanel/TouchPanel.c" -mcpu=cortex-m3 -std=gnu11 -g3 -c -O0 -ffunction-sections -fdata-sections -Wall -fstack-usage -MMD -MP -MF"LCD + TouchPanel(8080 FSMC)/User/TouchPanel/TouchPanel.d" -MT"LCD + TouchPanel(8080 FSMC)/User/TouchPanel/TouchPanel.o" --specs=nano.specs -mfloat-abi=soft -mthumb -o "LCD + TouchPanel(8080 FSMC)/User/TouchPanel/TouchPanel.o"
In file included from ../LCD + TouchPanel(8080 FSMC)/User/TouchPanel/TouchPanel.c:16:
../LCD + TouchPanel(8080 FSMC)/User/TouchPanel/TouchPanel.h:19:10: fatal error: stm32f10x.h: No such file or directory
   19 | #include "stm32f10x.h"
      |          ^~~~~~~~~~~~~
compilation terminated.
make: *** [LCD + TouchPanel(8080 FSMC)/User/TouchPanel/subdir.mk:19: LCD + TouchPanel(8080 FSMC)/User/TouchPanel/TouchPanel.o] Error 1
"make all" terminated with exit code 2. Build might be incomplete.
15:52:07 **** Incremental Build of configuration Debug for project LCD ****
make -j12 all 
arm-none-eabi-size   LCD.elf 
   text	   data	    bss	    dec	    hex	filename
   7476	     20	   1572	   9068	   236c	LCD.elf
Finished building: default.size.stdout
 
15:52:08 **** Incremental Build of configuration Debug for project ebalalalalalal ****
make all 
arm-none-eabi-gcc "../LCD + TouchPanel(8080 FSMC)/User/TouchPanel/TouchPanel.c" -mcpu=cortex-m3 -std=gnu11 -g3 -c -O0 -ffunction-sections -fdata-sections -Wall -fstack-usage -MMD -MP -MF"LCD + TouchPanel(8080 FSMC)/User/TouchPanel/TouchPanel.d" -MT"LCD + TouchPanel(8080 FSMC)/User/TouchPanel/TouchPanel.o" --specs=nano.specs -mfloat-abi=soft -mthumb -o "LCD + TouchPanel(8080 FSMC)/User/TouchPanel/TouchPanel.o"
../LCD + TouchPanel(8080 FSMC)/User/TouchPanel/TouchPanel.c:16:10: fatal error: TouchPanel.h: No such file or directory
   16 | #include "TouchPanel.h"
      |          ^~~~~~~~~~~~~~
compilation terminated.
make: *** [LCD + TouchPanel(8080 FSMC)/User/TouchPanel/subdir.mk:19: LCD + TouchPanel(8080 FSMC)/User/TouchPanel/TouchPanel.o] Error 1
"make all" terminated with exit code 2. Build might be incomplete.
15:52:33 **** Incremental Build of configuration Debug for project LCD ****
make -j12 all 
arm-none-eabi-size   LCD.elf 
   text	   data	    bss	    dec	    hex	filename
   7476	     20	   1572	   9068	   236c	LCD.elf
Finished building: default.size.stdout
 
15:52:34 **** Incremental Build of configuration Debug for project ebalalalalalal ****
make all 
arm-none-eabi-gcc "../LCD + TouchPanel(8080 FSMC)/User/SysTick/stm32f10x_systick.c" -mcpu=cortex-m3 -std=gnu11 -g3 -c -O0 -ffunction-sections -fdata-sections -Wall -fstack-usage -MMD -MP -MF"LCD + TouchPanel(8080 FSMC)/User/SysTick/stm32f10x_systick.d" -MT"LCD + TouchPanel(8080 FSMC)/User/SysTick/stm32f10x_systick.o" --specs=nano.specs -mfloat-abi=soft -mthumb -o "LCD + TouchPanel(8080 FSMC)/User/SysTick/stm32f10x_systick.o"
In file included from ../LCD + TouchPanel(8080 FSMC)/User/SysTick/stm32f10x_systick.c:17:
../LCD + TouchPanel(8080 FSMC)/User/SysTick/stm32f10x_systick.h:22:10: fatal error: stm32f10x.h: No such file or directory
   22 | #include "stm32f10x.h"
      |          ^~~~~~~~~~~~~
compilation terminated.
make: *** [LCD + TouchPanel(8080 FSMC)/User/SysTick/subdir.mk:22: LCD + TouchPanel(8080 FSMC)/User/SysTick/stm32f10x_systick.o] Error 1
"make all" terminated with exit code 2. Build might be incomplete.
16:11:06 **** Incremental Build of configuration Debug for project LCD ****
make -j12 all 
arm-none-eabi-size   LCD.elf 
   text	   data	    bss	    dec	    hex	filename
   7476	     20	   1572	   9068	   236c	LCD.elf
Finished building: default.size.stdout
 
16:11:07 **** Incremental Build of configuration Debug for project ebalalalalalal ****
make all 
arm-none-eabi-gcc "../LCD + TouchPanel(8080 FSMC)/User/SysTick/stm32f10x_systick.c" -mcpu=cortex-m3 -std=gnu11 -g3 -c -O0 -ffunction-sections -fdata-sections -Wall -fstack-usage -MMD -MP -MF"LCD + TouchPanel(8080 FSMC)/User/SysTick/stm32f10x_systick.d" -MT"LCD + TouchPanel(8080 FSMC)/User/SysTick/stm32f10x_systick.o" --specs=nano.specs -mfloat-abi=soft -mthumb -o "LCD + TouchPanel(8080 FSMC)/User/SysTick/stm32f10x_systick.o"
In file included from ../LCD + TouchPanel(8080 FSMC)/User/SysTick/stm32f10x_systick.c:17:
../LCD + TouchPanel(8080 FSMC)/User/SysTick/stm32f10x_systick.h:22:10: fatal error: stm32f10x.h: No such file or directory
   22 | #include "stm32f10x.h"
      |          ^~~~~~~~~~~~~
compilation terminated.
make: *** [LCD + TouchPanel(8080 FSMC)/User/SysTick/subdir.mk:22: LCD + TouchPanel(8080 FSMC)/User/SysTick/stm32f10x_systick.o] Error 1
"make all" terminated with exit code 2. Build might be incomplete.
16:13:54 **** Incremental Build of configuration Debug for project LCD ****
make -j12 all 
arm-none-eabi-size   LCD.elf 
   text	   data	    bss	    dec	    hex	filename
   7476	     20	   1572	   9068	   236c	LCD.elf
Finished building: default.size.stdout
 
16:17:41 **** Incremental Build of configuration Debug for project LCD ****
make -j12 all 
arm-none-eabi-size   LCD.elf 
   text	   data	    bss	    dec	    hex	filename
   7476	     20	   1572	   9068	   236c	LCD.elf
Finished building: default.size.stdout
 
16:17:45 **** Incremental Build of configuration Debug for project LCD ****
make -j12 all 
arm-none-eabi-size   LCD.elf 
   text	   data	    bss	    dec	    hex	filename
   7476	     20	   1572	   9068	   236c	LCD.elf
Finished building: default.size.stdout
 
16:18:23 **** Incremental Build of configuration Debug for project LCD ****
make -j12 all 
arm-none-eabi-size   LCD.elf 
   text	   data	    bss	    dec	    hex	filename
   7476	     20	   1572	   9068	   236c	LCD.elf
Finished building: default.size.stdout
 
