../Core/Src/main.c:60:6:delay	16	static
../Core/Src/main.c:74:6:Set_Pin_Output	40	static
../Core/Src/main.c:83:6:Set_Pin_Input	40	static
../Core/Src/main.c:95:9:DS18B20_Start	16	static
../Core/Src/main.c:114:6:DS18B20_Write	24	static
../Core/Src/main.c:146:9:DS18B20_Read	16	static
../Core/Src/main.c:175:5:main	8	static
../Core/Src/main.c:259:6:SystemClock_Config	80	static
../Core/Src/main.c:303:13:MX_TIM6_Init	16	static
../Core/Src/main.c:341:13:MX_GPIO_Init	40	static
../Core/Src/main.c:380:6:Error_Handler	4	static,ignoring_inline_asm
